Archive member included to satisfy reference by file (symbol)

c:/program files (x86)/gnu arm embedded toolchain/10 2020-q4-major/bin/../lib/gcc/arm-none-eabi/10.2.1/../../../../arm-none-eabi/lib/thumb/v7e-m+fp/softfp\libg_nano.a(lib_a-errno.o)
                              ./Libraries/Newlib/syscalls.o (__errno)
c:/program files (x86)/gnu arm embedded toolchain/10 2020-q4-major/bin/../lib/gcc/arm-none-eabi/10.2.1/../../../../arm-none-eabi/lib/thumb/v7e-m+fp/softfp\libg_nano.a(lib_a-impure.o)
                              c:/program files (x86)/gnu arm embedded toolchain/10 2020-q4-major/bin/../lib/gcc/arm-none-eabi/10.2.1/../../../../arm-none-eabi/lib/thumb/v7e-m+fp/softfp\libg_nano.a(lib_a-errno.o) (_impure_ptr)
c:/program files (x86)/gnu arm embedded toolchain/10 2020-q4-major/bin/../lib/gcc/arm-none-eabi/10.2.1/../../../../arm-none-eabi/lib/thumb/v7e-m+fp/softfp\libg_nano.a(lib_a-init.o)
                              ./Startup/startup_XMC4700.o (__libc_init_array)
c:/program files (x86)/gnu arm embedded toolchain/10 2020-q4-major/bin/../lib/gcc/arm-none-eabi/10.2.1/../../../../arm-none-eabi/lib/thumb/v7e-m+fp/softfp\libg_nano.a(lib_a-memcmp.o)
                              ./MainAlg/retain_xmc4.o (memcmp)
c:/program files (x86)/gnu arm embedded toolchain/10 2020-q4-major/bin/../lib/gcc/arm-none-eabi/10.2.1/../../../../arm-none-eabi/lib/thumb/v7e-m+fp/softfp\libg_nano.a(lib_a-memcpy-stub.o)
                              ./Libraries/XMCLib/src/xmc_eth_mac.o (memcpy)
c:/program files (x86)/gnu arm embedded toolchain/10 2020-q4-major/bin/../lib/gcc/arm-none-eabi/10.2.1/../../../../arm-none-eabi/lib/thumb/v7e-m+fp/softfp\libg_nano.a(lib_a-memset.o)
                              ./Libraries/XMCLib/src/xmc_usbd.o (memset)

Discarded input sections

 .text          0x00000000        0x0 ./Startup/startup_XMC4700.o
 .data          0x00000000        0x0 ./Startup/startup_XMC4700.o
 .bss           0x00000000        0x0 ./Startup/startup_XMC4700.o
 .text          0x00000000        0x0 ./Startup/system_XMC4700.o
 .data          0x00000000        0x0 ./Startup/system_XMC4700.o
 .bss           0x00000000        0x0 ./Startup/system_XMC4700.o
 .text.delay    0x00000000       0x2c ./Startup/system_XMC4700.o
 .text.SystemCoreSetup
                0x00000000       0x74 ./Startup/system_XMC4700.o
 .text.SystemCoreClockSetup
                0x00000000      0x25c ./Startup/system_XMC4700.o
 .text.OSCHP_GetFrequency
                0x00000000       0x14 ./Startup/system_XMC4700.o
 .comment       0x00000000       0x4e ./Startup/system_XMC4700.o
 .text          0x00000000        0x0 ./MotorLib/MidSys/bldc_scalar_current_motor.o
 .data          0x00000000        0x0 ./MotorLib/MidSys/bldc_scalar_current_motor.o
 .bss           0x00000000        0x0 ./MotorLib/MidSys/bldc_scalar_current_motor.o
 .comment       0x00000000       0x4e ./MotorLib/MidSys/bldc_scalar_current_motor.o
 .text          0x00000000        0x0 ./MotorLib/MidSys/bldc_scalar_pwm_bc.o
 .data          0x00000000        0x0 ./MotorLib/MidSys/bldc_scalar_pwm_bc.o
 .bss           0x00000000        0x0 ./MotorLib/MidSys/bldc_scalar_pwm_bc.o
 .text.XMC_SCU_SetCcuTriggerHigh
                0x00000000       0x24 ./MotorLib/MidSys/bldc_scalar_pwm_bc.o
 .text.Motor0_BLDC_SCALAR_CCU8_PWM_Start
                0x00000000       0x10 ./MotorLib/MidSys/bldc_scalar_pwm_bc.o
 .text.Motor0_BLDC_SCALAR_PWM_BC_Start
                0x00000000       0x10 ./MotorLib/MidSys/bldc_scalar_pwm_bc.o
 .comment       0x00000000       0x4e ./MotorLib/MidSys/bldc_scalar_pwm_bc.o
 .text          0x00000000        0x0 ./MotorLib/MidSys/bldc_scalar_speed_pos_hall.o
 .data          0x00000000        0x0 ./MotorLib/MidSys/bldc_scalar_speed_pos_hall.o
 .bss           0x00000000        0x0 ./MotorLib/MidSys/bldc_scalar_speed_pos_hall.o
 .comment       0x00000000       0x4e ./MotorLib/MidSys/bldc_scalar_speed_pos_hall.o
 .text          0x00000000        0x0 ./MotorLib/MidSys/bldc_scalar_volt_dcbus.o
 .data          0x00000000        0x0 ./MotorLib/MidSys/bldc_scalar_volt_dcbus.o
 .bss           0x00000000        0x0 ./MotorLib/MidSys/bldc_scalar_volt_dcbus.o
 .data.dcbus_voltage_adc_scale
                0x00000000        0x4 ./MotorLib/MidSys/bldc_scalar_volt_dcbus.o
 .debug_info    0x00000000       0x9d ./MotorLib/MidSys/bldc_scalar_volt_dcbus.o
 .debug_abbrev  0x00000000       0x48 ./MotorLib/MidSys/bldc_scalar_volt_dcbus.o
 .debug_aranges
                0x00000000       0x18 ./MotorLib/MidSys/bldc_scalar_volt_dcbus.o
 .debug_line    0x00000000      0x12b ./MotorLib/MidSys/bldc_scalar_volt_dcbus.o
 .debug_str     0x00000000      0x1eb ./MotorLib/MidSys/bldc_scalar_volt_dcbus.o
 .comment       0x00000000       0x4e ./MotorLib/MidSys/bldc_scalar_volt_dcbus.o
 .ARM.attributes
                0x00000000       0x37 ./MotorLib/MidSys/bldc_scalar_volt_dcbus.o
[...]
Memory Configuration

Name             Origin             Length             Attributes
FLASH_0_cached   0x08000000         0x00010000         xr
FLASH_0_uncached 0x0c000000         0x00010000         xr
APP_INFO_cached  0x08020000         0x00000400         xr
APP_INFO_uncached 0x0c020000         0x00000400         xr
FLASH_1_cached   0x08020400         0x001dfc00         xr
FLASH_1_uncached 0x0c020400         0x001dfc00         xr
PSRAM_1          0x1ffe8000         0x00018000         !xr
DSRAM_1_system   0x20000000         0x00020000         !xr
DSRAM_2_comm     0x20020000         0x00020000         !xr
SRAM_combined    0x1ffe8000         0x00058000         !xr
*default*        0x00000000         0xffffffff

Linker script and memory map

LOAD ./Startup/startup_XMC4700.o
LOAD ./Startup/system_XMC4700.o
LOAD ./MotorLib/MidSys/bldc_scalar_current_motor.o
LOAD ./MotorLib/MidSys/bldc_scalar_pwm_bc.o
LOAD ./MotorLib/MidSys/bldc_scalar_speed_pos_hall.o
LOAD ./MotorLib/MidSys/bldc_scalar_volt_dcbus.o
LOAD ./MotorLib/MidSys/bldc_scalar_volt_potentiometer.o
LOAD ./MotorLib/MidSys/bldc_scalar_volt_userdef.o
LOAD ./MotorLib/MCUInit/ccu4.o
LOAD ./MotorLib/MCUInit/ccu8.o
LOAD ./MotorLib/MCUInit/dac.o
LOAD ./MotorLib/MCUInit/gpio.o
LOAD ./MotorLib/MCUInit/nvic.o
LOAD ./MotorLib/MCUInit/posif.o
LOAD ./MotorLib/MCUInit/systick.o
LOAD ./MotorLib/MCUInit/vadc.o
LOAD ./MotorLib/Interrupts/bldc_scalar_control_loop.o
LOAD ./MotorLib/Interrupts/bldc_scalar_ctrap.o
LOAD ./MotorLib/Interrupts/bldc_scalar_hall_event.o
LOAD ./MotorLib/Interrupts/bldc_scalar_pattern_shadowtx.o
LOAD ./MotorLib/Interrupts/bldc_scalar_protection_error.o
LOAD ./MotorLib/Interrupts/bldc_scalar_state_machine.o
LOAD ./MotorLib/ControlModule/bldc_scalar_control_hall.o
LOAD ./MotorLib/ControlModule/bldc_scalar_control_scheme.o
LOAD ./MotorLib/ControlModule/bldc_scalar_ramp_generator.o
LOAD ./MotorLib/bldc_scalar_user_interface.o
LOAD ./MotorLib/bldc_scalar_variables_config.o
LOAD ./MotorLib/motor.o
LOAD ./MainAlg/Protocols/j1939.o
LOAD ./MainAlg/Peripherials/Buzzer.o
LOAD ./MainAlg/Peripherials/LedRubber.o
LOAD ./MainAlg/Peripherials/Scheme.o
LOAD ./MainAlg/door_periph.o
LOAD ./MainAlg/main_alg.o
LOAD ./MainAlg/moving.o
LOAD ./MainAlg/presets.o
LOAD ./MainAlg/retain_xmc4.o
LOAD ./MainAlg/serv_mode.o
LOAD ./Libraries/XMCLib/src/xmc4_eru.o
LOAD ./Libraries/XMCLib/src/xmc4_flash.o
LOAD ./Libraries/XMCLib/src/xmc4_gpio.o
LOAD ./Libraries/XMCLib/src/xmc4_rtc.o
LOAD ./Libraries/XMCLib/src/xmc4_scu.o
LOAD ./Libraries/XMCLib/src/xmc_can.o
LOAD ./Libraries/XMCLib/src/xmc_ccu4.o
LOAD ./Libraries/XMCLib/src/xmc_ccu8.o
LOAD ./Libraries/XMCLib/src/xmc_common.o
LOAD ./Libraries/XMCLib/src/xmc_dac.o
LOAD ./Libraries/XMCLib/src/xmc_dma.o
LOAD ./Libraries/XMCLib/src/xmc_dsd.o
LOAD ./Libraries/XMCLib/src/xmc_ebu.o
LOAD ./Libraries/XMCLib/src/xmc_ecat.o
LOAD ./Libraries/XMCLib/src/xmc_eru.o
LOAD ./Libraries/XMCLib/src/xmc_eth_mac.o
LOAD ./Libraries/XMCLib/src/xmc_eth_phy_dp83848.o
LOAD ./Libraries/XMCLib/src/xmc_eth_phy_ksz8031rnl.o
LOAD ./Libraries/XMCLib/src/xmc_eth_phy_ksz8081rnb.o
LOAD ./Libraries/XMCLib/src/xmc_fce.o
LOAD ./Libraries/XMCLib/src/xmc_gpio.o
LOAD ./Libraries/XMCLib/src/xmc_hrpwm.o
LOAD ./Libraries/XMCLib/src/xmc_i2c.o
LOAD ./Libraries/XMCLib/src/xmc_i2s.o
LOAD ./Libraries/XMCLib/src/xmc_ledts.o
LOAD ./Libraries/XMCLib/src/xmc_posif.o
LOAD ./Libraries/XMCLib/src/xmc_rtc.o
LOAD ./Libraries/XMCLib/src/xmc_sdmmc.o
LOAD ./Libraries/XMCLib/src/xmc_spi.o
LOAD ./Libraries/XMCLib/src/xmc_uart.o
LOAD ./Libraries/XMCLib/src/xmc_usbd.o
LOAD ./Libraries/XMCLib/src/xmc_usbh.o
LOAD ./Libraries/XMCLib/src/xmc_usic.o
LOAD ./Libraries/XMCLib/src/xmc_vadc.o
LOAD ./Libraries/XMCLib/src/xmc_wdt.o
LOAD ./Libraries/Newlib/syscalls.o
LOAD ./Dave/Generated/SYSTIMER/systimer.o
LOAD ./Dave/Generated/SYSTIMER/systimer_conf.o
LOAD ./Dave/Generated/PWM_CCU4/pwm_ccu4.o
LOAD ./Dave/Generated/PWM_CCU4/pwm_ccu4_conf.o
LOAD ./Dave/Generated/INTERRUPT/interrupt.o
LOAD ./Dave/Generated/INTERRUPT/interrupt_conf.o
LOAD ./Dave/Generated/GLOBAL_CCU4/global_ccu4.o
LOAD ./Dave/Generated/GLOBAL_CCU4/global_ccu4_conf.o
LOAD ./Dave/Generated/GLOBAL_CAN/global_can.o
LOAD ./Dave/Generated/GLOBAL_CAN/global_can_conf.o
LOAD ./Dave/Generated/GLOBAL_ADC/global_adc.o
LOAD ./Dave/Generated/GLOBAL_ADC/global_adc_conf.o
LOAD ./Dave/Generated/DIGITAL_IO/digital_io.o
LOAD ./Dave/Generated/DIGITAL_IO/digital_io_conf.o
LOAD ./Dave/Generated/CPU_CTRL_XMC4/cpu_ctrl_xmc4.o
LOAD ./Dave/Generated/CPU_CTRL_XMC4/cpu_ctrl_xmc4_conf.o
LOAD ./Dave/Generated/CLOCK_XMC4/clock_xmc4.o
LOAD ./Dave/Generated/CLOCK_XMC4/clock_xmc4_conf.o
LOAD ./Dave/Generated/CAN_NODE/can_node.o
LOAD ./Dave/Generated/CAN_NODE/can_node_conf.o
LOAD ./Dave/Generated/BUS_IO/bus_io.o
LOAD ./Dave/Generated/BUS_IO/bus_io_conf.o
LOAD ./Dave/Generated/ANALOG_IO/analog_io.o
LOAD ./Dave/Generated/ANALOG_IO/analog_io_conf.o
LOAD ./Dave/Generated/ADC_MEASUREMENT/adc_measurement.o
LOAD ./Dave/Generated/ADC_MEASUREMENT/adc_measurement_conf.o
LOAD ./Dave/Generated/DAVE.o
LOAD ./main.o
LOAD c:/program files (x86)/gnu arm embedded toolchain/10 2020-q4-major/bin/../lib/gcc/arm-none-eabi/10.2.1/../../../../arm-none-eabi/lib/thumb/v7e-m+fp/softfp\libm.a
START GROUP
LOAD c:/program files (x86)/gnu arm embedded toolchain/10 2020-q4-major/bin/../lib/gcc/arm-none-eabi/10.2.1/thumb/v7e-m+fp/softfp\libgcc.a
LOAD c:/program files (x86)/gnu arm embedded toolchain/10 2020-q4-major/bin/../lib/gcc/arm-none-eabi/10.2.1/../../../../arm-none-eabi/lib/thumb/v7e-m+fp/softfp\libg_nano.a
LOAD c:/program files (x86)/gnu arm embedded toolchain/10 2020-q4-major/bin/../lib/gcc/arm-none-eabi/10.2.1/../../../../arm-none-eabi/lib/thumb/v7e-m+fp/softfp\libc_nano.a
END GROUP
START GROUP
LOAD c:/program files (x86)/gnu arm embedded toolchain/10 2020-q4-major/bin/../lib/gcc/arm-none-eabi/10.2.1/thumb/v7e-m+fp/softfp\libgcc.a
LOAD c:/program files (x86)/gnu arm embedded toolchain/10 2020-q4-major/bin/../lib/gcc/arm-none-eabi/10.2.1/../../../../arm-none-eabi/lib/thumb/v7e-m+fp/softfp\libc_nano.a
LOAD c:/program files (x86)/gnu arm embedded toolchain/10 2020-q4-major/bin/../lib/gcc/arm-none-eabi/10.2.1/../../../../arm-none-eabi/lib/thumb/v7e-m+fp/softfp\libnosys.a
END GROUP
START GROUP
LOAD c:/program files (x86)/gnu arm embedded toolchain/10 2020-q4-major/bin/../lib/gcc/arm-none-eabi/10.2.1/thumb/v7e-m+fp/softfp\libgcc.a
LOAD c:/program files (x86)/gnu arm embedded toolchain/10 2020-q4-major/bin/../lib/gcc/arm-none-eabi/10.2.1/../../../../arm-none-eabi/lib/thumb/v7e-m+fp/softfp\libc_nano.a
LOAD c:/program files (x86)/gnu arm embedded toolchain/10 2020-q4-major/bin/../lib/gcc/arm-none-eabi/10.2.1/../../../../arm-none-eabi/lib/thumb/v7e-m+fp/softfp\libnosys.a
END GROUP
                0x00000800                stack_size = DEFINED (stack_size)?stack_size:0x800
                0x00000040                no_init_size = 0x40

.app_info       0x08020000      0x400 load address 0x0c020000
                0x08020000                . = ALIGN (0x4)
 *(.app_info)
 .app_info      0x08020000      0x400 ./main.o
                0x08020000                APP_INFO_ID
                0x08020020                APP_INFO_VERSION
                0x08020028                APP_INFO_VER
                0x08020040                APP_INFO_DEVELOPER
                0x08020080                APP_INFO_PUBLISHER
                0x080200c0                APP_INFO_LICENSE
                0x08020100                APP_INFO_CONTACTS
                0x08020180                APP_INFO_HARDWARE
                0x08020200                APP_INFO_DESCRIPTION
                0x08020300                APP_INFO_EXTRA_PARAM
                0x08020400                . = ALIGN (0x4)

.text           0x08020400     0x8888 load address 0x0c020400
                0x08020400                sText = .
 *(.reset)
 .reset         0x08020400      0x29a ./Startup/startup_XMC4700.o
                0x08020400                __Vectors
                0x08020600                Reset_Handler
                0x08020698                DSD0_7_IRQHandler
                0x08020698                DebugMon_Handler
                0x08020698                VADC0_G2_0_IRQHandler
                0x08020698                USIC0_5_IRQHandler
                0x08020698                POSIF1_0_IRQHandler
                0x08020698                HardFault_Handler
                0x08020698                VADC0_G1_1_IRQHandler
                0x08020698                PendSV_Handler
                0x08020698                NMI_Handler
                0x08020698                USIC1_3_IRQHandler
                0x08020698                CCU40_2_IRQHandler
                0x08020698                SCU_0_IRQHandler
                0x08020698                ERU0_0_IRQHandler
                0x08020698                CCU41_0_IRQHandler
                0x08020698                USIC1_5_IRQHandler
                0x08020698                DSD0_4_IRQHandler
                0x08020698                CCU80_1_IRQHandler
                0x08020698                CCU81_0_IRQHandler
                0x08020698                UsageFault_Handler
                0x08020698                USIC0_0_IRQHandler
                0x08020698                POSIF1_1_IRQHandler
                0x08020698                ERU0_2_IRQHandler
                0x08020698                CCU81_1_IRQHandler
                0x08020698                ERU1_1_IRQHandler
                0x08020698                VADC0_G2_3_IRQHandler
                0x08020698                VADC0_G2_2_IRQHandler
                0x08020698                CCU42_3_IRQHandler
                0x08020698                ERU0_3_IRQHandler
                0x08020698                DSD0_5_IRQHandler
                0x08020698                VADC0_C0_3_IRQHandler
                0x08020698                VADC0_G0_1_IRQHandler
                0x08020698                CCU81_2_IRQHandler
                0x08020698                USIC2_4_IRQHandler
                0x08020698                CCU81_3_IRQHandler
                0x08020698                CCU42_1_IRQHandler
                0x08020698                USIC1_1_IRQHandler
                0x08020698                USIC2_5_IRQHandler
                0x08020698                CCU40_0_IRQHandler
                0x08020698                CAN0_0_IRQHandler
                0x08020698                ERU1_0_IRQHandler
                0x08020698                CCU42_2_IRQHandler
                0x08020698                Default_Handler
                0x08020698                USIC1_4_IRQHandler
                0x08020698                ERU1_3_IRQHandler
                0x08020698                USIC1_0_IRQHandler
                0x08020698                VADC0_G0_0_IRQHandler
                0x08020698                DSD0_2_IRQHandler
                0x08020698                CCU80_3_IRQHandler
                0x08020698                CCU41_3_IRQHandler
                0x08020698                CCU80_2_IRQHandler
                0x08020698                VADC0_G1_3_IRQHandler
                0x08020698                VADC0_G0_3_IRQHandler
                0x08020698                GPDMA0_0_IRQHandler
                0x08020698                PMU0_0_IRQHandler
                0x08020698                CAN0_7_IRQHandler
                0x08020698                DSD0_1_IRQHandler
                0x08020698                CCU41_2_IRQHandler
                0x08020698                VADC0_C0_1_IRQHandler
                0x08020698                USIC2_2_IRQHandler
                0x08020698                MemManage_Handler
                0x08020698                VADC0_G3_1_IRQHandler
                0x08020698                DAC0_0_IRQHandler
                0x08020698                SVC_Handler
                0x08020698                VADC0_G3_3_IRQHandler
                0x08020698                ERU1_2_IRQHandler
                0x08020698                CCU41_1_IRQHandler
                0x08020698                DSD0_6_IRQHandler
                0x08020698                VADC0_G1_2_IRQHandler
                0x08020698                USIC2_3_IRQHandler
                0x08020698                USIC2_0_IRQHandler
                0x08020698                VADC0_G0_2_IRQHandler
                0x08020698                VADC0_G2_1_IRQHandler
                0x08020698                ETH0_0_IRQHandler
                0x08020698                USIC0_3_IRQHandler
                0x08020698                DSD0_0_IRQHandler
                0x08020698                CCU42_0_IRQHandler
                0x08020698                FCE0_0_IRQHandler
                0x08020698                VADC0_G1_0_IRQHandler
                0x08020698                USB0_0_IRQHandler
                0x08020698                CCU40_1_IRQHandler
                0x08020698                USIC2_1_IRQHandler
                0x08020698                USIC0_1_IRQHandler
                0x08020698                VADC0_G3_2_IRQHandler
                0x08020698                CCU40_3_IRQHandler
                0x08020698                BusFault_Handler
                0x08020698                LEDTS0_0_IRQHandler
                0x08020698                USIC0_4_IRQHandler
                0x08020698                ERU0_1_IRQHandler
                0x08020698                VADC0_G3_0_IRQHandler
                0x08020698                USIC1_2_IRQHandler
                0x08020698                DSD0_3_IRQHandler
                0x08020698                SDMMC0_0_IRQHandler
                0x08020698                USIC0_2_IRQHandler
                0x08020698                DAC0_1_IRQHandler
                0x08020698                GPDMA1_0_IRQHandler
 *(.text .text.* .gnu.linkonce.t.*)
 *fill*         0x0802069a        0x2 
 .text.SystemInit
                0x0802069c       0x24 ./Startup/system_XMC4700.o
                0x0802069c                SystemInit
 .text.SystemCoreClockUpdate
                0x080206c0       0xd4 ./Startup/system_XMC4700.o
                0x080206c0                SystemCoreClockUpdate
 .text.XMC_VADC_GROUP_QueueTriggerConversion
                0x08020794       0x24 ./MotorLib/MidSys/bldc_scalar_current_motor.o
 .text.XMC_VADC_GROUP_QueueInsertChannel
                0x080207b8       0x1e ./MotorLib/MidSys/bldc_scalar_current_motor.o
 .text.XMC_VADC_GROUP_ResultInit
                0x080207d6       0x26 ./MotorLib/MidSys/bldc_scalar_current_motor.o
 .text.XMC_VADC_GROUP_GetResult
                0x080207fc       0x22 ./MotorLib/MidSys/bldc_scalar_current_motor.o
 .text.VADC_GetResult
                0x0802081e       0x20 ./MotorLib/MidSys/bldc_scalar_current_motor.o
 *fill*         0x0802083e        0x2 
 .text.Motor0_BLDC_SCALAR_Current_Measurment_Init
                0x08020840       0x4c ./MotorLib/MidSys/bldc_scalar_current_motor.o
                0x08020840                Motor0_BLDC_SCALAR_Current_Measurment_Init
 .text.Motor0_BLDC_SCALAR_AmpBiasVoltCalibration
                0x0802088c       0x70 ./MotorLib/MidSys/bldc_scalar_current_motor.o
                0x0802088c                Motor0_BLDC_SCALAR_AmpBiasVoltCalibration
 .text.XMC_SCU_SetCcuTriggerLow
                0x080208fc       0x28 ./MotorLib/MidSys/bldc_scalar_pwm_bc.o
 .text.XMC_GPIO_SetOutputHigh
                0x08020924       0x22 ./MotorLib/MidSys/bldc_scalar_pwm_bc.o
 .text.XMC_GPIO_SetOutputLow
                0x08020946       0x24 ./MotorLib/MidSys/bldc_scalar_pwm_bc.o
 .text.Motor0_BLDC_SCALAR_CCU8_PWM_Stop
                0x0802096a       0x10 ./MotorLib/MidSys/bldc_scalar_pwm_bc.o
 .text.Motor0_BLDC_SCALAR_CCU8_EnableDeadTime
                0x0802097a       0x24 ./MotorLib/MidSys/bldc_scalar_pwm_bc.o
 .text.Motor0_BLDC_SCALAR_CCU8_DisableDeadTime
                0x0802099e       0x26 ./MotorLib/MidSys/bldc_scalar_pwm_bc.o
 .text.Motor0_BLDC_SCALAR_PWM_BC_Init
                0x080209c4       0x28 ./MotorLib/MidSys/bldc_scalar_pwm_bc.o
                0x080209c4                Motor0_BLDC_SCALAR_PWM_BC_Init
 .text.Motor0_BLDC_SCALAR_PWM_BC_Stop
                0x080209ec       0x10 ./MotorLib/MidSys/bldc_scalar_pwm_bc.o
                0x080209ec                Motor0_BLDC_SCALAR_PWM_BC_Stop
 .text.Motor0_BLDC_SCALAR_PWM_BC_InverterEnable
                0x080209fc       0x30 ./MotorLib/MidSys/bldc_scalar_pwm_bc.o
                0x080209fc                Motor0_BLDC_SCALAR_PWM_BC_InverterEnable
 .text.Motor0_BLDC_SCALAR_PWM_BC_InverterDisable
                0x08020a2c       0x30 ./MotorLib/MidSys/bldc_scalar_pwm_bc.o
                0x08020a2c                Motor0_BLDC_SCALAR_PWM_BC_InverterDisable
 .text.__NVIC_ClearPendingIRQ
                0x08020a5c       0x3c ./MotorLib/MidSys/bldc_scalar_speed_pos_hall.o
 .text.XMC_CCU4_SLICE_StartTimer
                0x08020a98       0x1a ./MotorLib/MidSys/bldc_scalar_speed_pos_hall.o
 .text.XMC_CCU4_SLICE_StopTimer
                0x08020ab2       0x1a ./MotorLib/MidSys/bldc_scalar_speed_pos_hall.o
 .text.XMC_CCU4_SLICE_ClearTimer
                0x08020acc       0x1a ./MotorLib/MidSys/bldc_scalar_speed_pos_hall.o
 .text.XMC_POSIF_Start
                0x08020ae6       0x1a ./MotorLib/MidSys/bldc_scalar_speed_pos_hall.o
 .text.XMC_POSIF_Stop
                0x08020b00       0x1a ./MotorLib/MidSys/bldc_scalar_speed_pos_hall.o
 .text.XMC_GPIO_GetInput
                0x08020b1a       0x26 ./MotorLib/MidSys/bldc_scalar_speed_pos_hall.o
 .text.Motor0_BLDC_SCALAR_SPEED_POS_HALL_ClearSpeedFilter
                0x08020b40       0x54 ./MotorLib/MidSys/bldc_scalar_speed_pos_hall.o
 .text.Motor0_BLDC_SCALAR_SPEED_POS_HALL_Init
                0x08020b94       0x14 ./MotorLib/MidSys/bldc_scalar_speed_pos_hall.o
                0x08020b94                Motor0_BLDC_SCALAR_SPEED_POS_HALL_Init
 .text.Motor0_BLDC_SCALAR_SPEED_POS_HALL_Start
                0x08020ba8       0x30 ./MotorLib/MidSys/bldc_scalar_speed_pos_hall.o
                0x08020ba8                Motor0_BLDC_SCALAR_SPEED_POS_HALL_Start
 .text.Motor0_BLDC_SCALAR_SPEED_POS_HALL_Stop
                0x08020bd8       0x2c ./MotorLib/MidSys/bldc_scalar_speed_pos_hall.o
                0x08020bd8                Motor0_BLDC_SCALAR_SPEED_POS_HALL_Stop
 .text.Motor0_BLDC_SCALAR_SPEED_POS_HALL_GetHallPosition
                0x08020c04       0x5c ./MotorLib/MidSys/bldc_scalar_speed_pos_hall.o
                0x08020c04                Motor0_BLDC_SCALAR_SPEED_POS_HALL_GetHallPosition
 .text.XMC_CCU4_EnableClock
                0x08020c60       0x22 ./MotorLib/MCUInit/ccu4.o
 .text.XMC_CCU4_SLICE_SetTimerPeriodMatch
                0x08020c82       0x1e ./MotorLib/MCUInit/ccu4.o
 .text.XMC_CCU4_SLICE_SetTimerCompareMatch
                0x08020ca0       0x1e ./MotorLib/MCUInit/ccu4.o
 .text.XMC_CCU4_EnableShadowTransfer
                0x08020cbe       0x1c ./MotorLib/MCUInit/ccu4.o
 .text.XMC_CCU4_SLICE_EnableFloatingPrescaler
                0x08020cda       0x20 ./MotorLib/MCUInit/ccu4.o
 .text.XMC_CCU4_SLICE_EnableEvent
                0x08020cfa       0x2e ./MotorLib/MCUInit/ccu4.o
 .text.Motor0_BLDC_SCALAR_CCU4_3Hall_Init
                0x08020d28       0x1c ./MotorLib/MCUInit/ccu4.o
                0x08020d28                Motor0_BLDC_SCALAR_CCU4_3Hall_Init
 .text.Motor0_BLDC_SCALAR_CCU4_3Hall_PhaseDelay_Init
                0x08020d44       0x74 ./MotorLib/MCUInit/ccu4.o
                0x08020d44                Motor0_BLDC_SCALAR_CCU4_3Hall_PhaseDelay_Init
 .text.Motor0_BLDC_SCALAR_CCU4_3Hall_SpeedCapture_Init
                0x08020db8       0x48 ./MotorLib/MCUInit/ccu4.o
                0x08020db8                Motor0_BLDC_SCALAR_CCU4_3Hall_SpeedCapture_Init
 .text.XMC_CCU8_EnableClock
                0x08020e00       0x22 ./MotorLib/MCUInit/ccu8.o
 .text.XMC_CCU8_EnableShadowTransfer
                0x08020e22       0x1c ./MotorLib/MCUInit/ccu8.o
 .text.XMC_CCU8_SLICE_EnableEvent
                0x08020e3e       0x2e ./MotorLib/MCUInit/ccu8.o
 .text.BLDC_SCALAR_CCU8_Event_Init
                0x08020e6c       0x2e ./MotorLib/MCUInit/ccu8.o
 *fill*         0x08020e9a        0x2 
 .text.Motor0_BLDC_SCALAR_CCU8_Slice_Init
                0x08020e9c       0x88 ./MotorLib/MCUInit/ccu8.o
 .text.Motor0_BLDC_SCALAR_CCU8_PWM_Init
                0x08020f24       0x6c ./MotorLib/MCUInit/ccu8.o
                0x08020f24                Motor0_BLDC_SCALAR_CCU8_PWM_Init
 .text.Motor0_BLDC_SCALAR_GPIO_PWM_Init
                0x08020f90       0x64 ./MotorLib/MCUInit/gpio.o
                0x08020f90                Motor0_BLDC_SCALAR_GPIO_PWM_Init
 .text.Motor0_BLDC_SCALAR_GPIO_3Hall_Init
                0x08020ff4       0x30 ./MotorLib/MCUInit/gpio.o
                0x08020ff4                Motor0_BLDC_SCALAR_GPIO_3Hall_Init
 .text.Motor0_BLDC_SCALAR_GPIO_Inverter_Init
                0x08021024       0x1c ./MotorLib/MCUInit/gpio.o
                0x08021024                Motor0_BLDC_SCALAR_GPIO_Inverter_Init
 .text.__NVIC_GetPriorityGrouping
                0x08021040       0x1c ./MotorLib/MCUInit/nvic.o
 .text.__NVIC_EnableIRQ
                0x0802105c       0x3c ./MotorLib/MCUInit/nvic.o
 .text.__NVIC_SetPriority
                0x08021098       0x54 ./MotorLib/MCUInit/nvic.o
 .text.NVIC_EncodePriority
                0x080210ec       0x66 ./MotorLib/MCUInit/nvic.o
 .text.BLDC_SCALAR_NVIC_NodeInit
                0x08021152       0x3e ./MotorLib/MCUInit/nvic.o
                0x08021152                BLDC_SCALAR_NVIC_NodeInit
 .text.XMC_POSIF_EnableEvent
                0x08021190       0x2a ./MotorLib/MCUInit/posif.o
 *fill*         0x080211ba        0x2 
 .text.Motor0_BLDC_SCALAR_POSIF_3Hall_Init
                0x080211bc       0x68 ./MotorLib/MCUInit/posif.o
                0x080211bc                Motor0_BLDC_SCALAR_POSIF_3Hall_Init
 .text.XMC_VADC_GROUP_QueueSetGatingMode
                0x08021224       0x38 ./MotorLib/MCUInit/vadc.o
 .text.XMC_VADC_GROUP_QueueFlushEntries
                0x0802125c       0x36 ./MotorLib/MCUInit/vadc.o
 *fill*         0x08021292        0x2 
 .text.Motor0_BLDC_SCALAR_VADC_Init
                0x08021294       0x50 ./MotorLib/MCUInit/vadc.o
                0x08021294                Motor0_BLDC_SCALAR_VADC_Init
 .text.XMC_CCU8_EnableShadowTransfer
                0x080212e4       0x1c ./MotorLib/Interrupts/bldc_scalar_control_loop.o
 .text.XMC_POSIF_HSC_GetLastSampledPattern
                0x08021300       0x26 ./MotorLib/Interrupts/bldc_scalar_control_loop.o
 .text.XMC_VADC_GROUP_GetResult
                0x08021326       0x22 ./MotorLib/Interrupts/bldc_scalar_control_loop.o
 .text.Motor0_BLDC_SCALAR_PWM_BC_DutyCycleUpdate
                0x08021348       0x8c ./MotorLib/Interrupts/bldc_scalar_control_loop.o
 .text.Motor0_BLDC_SCALAR_SPEED_POS_HALL_ClearSpeedFilter
                0x080213d4       0x54 ./MotorLib/Interrupts/bldc_scalar_control_loop.o
 .text.Motor0_BLDC_SCALAR_SPEED_POS_HALL_GetLastHallPattern
                0x08021428       0x20 ./MotorLib/Interrupts/bldc_scalar_control_loop.o
 .text.VADC_GetResult
                0x08021448       0x20 ./MotorLib/Interrupts/bldc_scalar_control_loop.o
 .text.Motor0_BLDC_SCALAR_PT1_MinMaxLimiter
                0x08021468       0x3a ./MotorLib/Interrupts/bldc_scalar_control_loop.o
 .text.Motor0_BLDC_SCALAR_PT1_Filter
                0x080214a2       0x4a ./MotorLib/Interrupts/bldc_scalar_control_loop.o
 .text.Motor0_BLDC_SCALAR_GetCurrentValue
                0x080214ec       0x9c ./MotorLib/Interrupts/bldc_scalar_control_loop.o
 .text.Motor0_BLDC_SCALAR_GetAverageCurrentValue
                0x08021588       0x50 ./MotorLib/Interrupts/bldc_scalar_control_loop.o
 .text.Motor0_BLDC_SCALAR_PI_MIN_MAX_LIMIT
                0x080215d8       0x3a ./MotorLib/Interrupts/bldc_scalar_control_loop.o
 .text.Motor0_BLDC_SCALAR_PI_SAT_STATE
                0x08021612       0x2a ./MotorLib/Interrupts/bldc_scalar_control_loop.o
 .text.Motor0_BLDC_SCALAR_PI_Controller
                0x0802163c       0x6e ./MotorLib/Interrupts/bldc_scalar_control_loop.o
 *fill*         0x080216aa        0x2 
 .text.Motor0_BLDC_SCALAR_SpeedControlScheme
                0x080216ac       0x4c ./MotorLib/Interrupts/bldc_scalar_control_loop.o
 .text.Motor0_BLDC_SCALAR_DirectionControl
                0x080216f8       0xb8 ./MotorLib/Interrupts/bldc_scalar_control_loop.o
 .text.XMC_CCU4_StartPrescaler
                0x080217b0       0x1c ./MotorLib/Interrupts/bldc_scalar_hall_event.o
 .text.XMC_CCU4_StopPrescaler
                0x080217cc       0x1c ./MotorLib/Interrupts/bldc_scalar_hall_event.o
 .text.XMC_CCU4_SLICE_StartTimer
                0x080217e8       0x1a ./MotorLib/Interrupts/bldc_scalar_hall_event.o
 .text.XMC_CCU4_SLICE_StopTimer
                0x08021802       0x1a ./MotorLib/Interrupts/bldc_scalar_hall_event.o
 .text.XMC_CCU4_SLICE_GetTimerValue
                0x0802181c       0x1a ./MotorLib/Interrupts/bldc_scalar_hall_event.o
 .text.XMC_CCU4_SLICE_SetTimerValue
                0x08021836       0x1e ./MotorLib/Interrupts/bldc_scalar_hall_event.o
 .text.XMC_POSIF_HSC_GetLastSampledPattern
                0x08021854       0x26 ./MotorLib/Interrupts/bldc_scalar_hall_event.o
 .text.XMC_POSIF_HSC_GetExpectedPattern
                0x0802187a       0x22 ./MotorLib/Interrupts/bldc_scalar_hall_event.o
 .text.XMC_POSIF_HSC_SetHallPatterns
                0x0802189c       0x22 ./MotorLib/Interrupts/bldc_scalar_hall_event.o
 .text.XMC_POSIF_HSC_UpdateHallPattern
                0x080218be       0x1a ./MotorLib/Interrupts/bldc_scalar_hall_event.o
 .text.XMC_POSIF_ClearEvent
                0x080218d8       0x22 ./MotorLib/Interrupts/bldc_scalar_hall_event.o
 .text.XMC_POSIF_GetEventStatus
                0x080218fa       0x2a ./MotorLib/Interrupts/bldc_scalar_hall_event.o
 .text.Motor0_BLDC_SCALAR_SPEED_POS_HALL_SetHallPattern
                0x08021924       0x20 ./MotorLib/Interrupts/bldc_scalar_hall_event.o
 .text.Motor0_BLDC_SCALAR_SPEED_POS_HALL_UpdateHallPattern
                0x08021944       0x14 ./MotorLib/Interrupts/bldc_scalar_hall_event.o
 .text.Motor0_BLDC_SCALAR_SPEED_POS_HALL_GetExpectedPattern
                0x08021958       0x20 ./MotorLib/Interrupts/bldc_scalar_hall_event.o
 .text.Motor0_BLDC_SCALAR_SPEED_POS_HALL_GetHallEventTime
                0x08021978       0x20 ./MotorLib/Interrupts/bldc_scalar_hall_event.o
 .text.Motor0_BLDC_SCALAR_SPEED_POS_HALL_GetLastHallPattern
                0x08021998       0x20 ./MotorLib/Interrupts/bldc_scalar_hall_event.o
 .text.Motor0_BLDC_SCALAR_SPEED_POS_HALL_ResetCaptureTimePrescaler
                0x080219b8       0x38 ./MotorLib/Interrupts/bldc_scalar_hall_event.o
 .text.Motor0_BLDC_SCALAR_SPEED_POS_HALL_GetCapTimerVal
                0x080219f0       0x20 ./MotorLib/Interrupts/bldc_scalar_hall_event.o
 .text.Motor0_BLDC_SCALAR_SPEED_POS_HALL_GetEventStatus
                0x08021a10       0x24 ./MotorLib/Interrupts/bldc_scalar_hall_event.o
 .text.Motor0_BLDC_SCALAR_SPEED_POS_HALL_ClearEvent
                0x08021a34       0x20 ./MotorLib/Interrupts/bldc_scalar_hall_event.o
 .text.Motor0_BLDC_SCALAR_WrongHallEvent
                0x08021a54      0x188 ./MotorLib/Interrupts/bldc_scalar_hall_event.o
 .text.Motor0_BLDC_SCALAR_CorrectHallEvent
                0x08021bdc       0xe8 ./MotorLib/Interrupts/bldc_scalar_hall_event.o
 .text.XMC_POSIF_HSC_GetLastSampledPattern
                0x08021cc4       0x26 ./MotorLib/Interrupts/bldc_scalar_pattern_shadowtx.o
 .text.XMC_POSIF_HSC_GetExpectedPattern
                0x08021cea       0x22 ./MotorLib/Interrupts/bldc_scalar_pattern_shadowtx.o
 .text.XMC_POSIF_HSC_SetHallPatterns
                0x08021d0c       0x22 ./MotorLib/Interrupts/bldc_scalar_pattern_shadowtx.o
 .text.XMC_POSIF_MCM_SetMultiChannelPattern
                0x08021d2e       0x1e ./MotorLib/Interrupts/bldc_scalar_pattern_shadowtx.o
 .text.XMC_POSIF_MCM_GetMultiChannelPattern
                0x08021d4c       0x1a ./MotorLib/Interrupts/bldc_scalar_pattern_shadowtx.o
 .text.XMC_POSIF_MCM_GetShadowMultiChannelPattern
                0x08021d66       0x1a ./MotorLib/Interrupts/bldc_scalar_pattern_shadowtx.o
 .text.Motor0_BLDC_SCALAR_SPEED_POS_HALL_ReadCaptureValue
                0x08021d80       0x74 ./MotorLib/Interrupts/bldc_scalar_pattern_shadowtx.o
 .text.Motor0_BLDC_SCALAR_SPEED_POS_HALL_SetMultiChannelPattern
                0x08021df4       0x20 ./MotorLib/Interrupts/bldc_scalar_pattern_shadowtx.o
 .text.Motor0_BLDC_SCALAR_SPEED_POS_HALL_GetMultiChannelPattern
                0x08021e14       0x20 ./MotorLib/Interrupts/bldc_scalar_pattern_shadowtx.o
 .text.Motor0_BLDC_SCALAR_SPEED_POS_HALL_GetShadowMultiChannelPattern
                0x08021e34       0x20 ./MotorLib/Interrupts/bldc_scalar_pattern_shadowtx.o
 .text.Motor0_BLDC_SCALAR_SPEED_POS_HALL_SetHallPattern
                0x08021e54       0x20 ./MotorLib/Interrupts/bldc_scalar_pattern_shadowtx.o
 .text.Motor0_BLDC_SCALAR_SPEED_POS_HALL_GetExpectedPattern
                0x08021e74       0x20 ./MotorLib/Interrupts/bldc_scalar_pattern_shadowtx.o
 .text.Motor0_BLDC_SCALAR_SPEED_POS_HALL_GetLastHallPattern
                0x08021e94       0x20 ./MotorLib/Interrupts/bldc_scalar_pattern_shadowtx.o
 .text.XMC_VADC_GROUP_GetResult
                0x08021eb4       0x22 ./MotorLib/Interrupts/bldc_scalar_protection_error.o
 .text.VADC_GetResult
                0x08021ed6       0x20 ./MotorLib/Interrupts/bldc_scalar_protection_error.o
 .text.Motor0_BLDC_SCALAR_PT1_MinMaxLimiter
                0x08021ef6       0x3a ./MotorLib/Interrupts/bldc_scalar_protection_error.o
 .text.Motor0_BLDC_SCALAR_PT1_Filter
                0x08021f30       0x4a ./MotorLib/Interrupts/bldc_scalar_protection_error.o
 *fill*         0x08021f7a        0x2 
 .text.Motor0_BLDC_SCALAR_GetCurrentValue
                0x08021f7c       0x9c ./MotorLib/Interrupts/bldc_scalar_protection_error.o
 .text.VADC0_C0_0_IRQHandler
                0x08022018       0x98 ./MotorLib/Interrupts/bldc_scalar_protection_error.o
                0x08022018                VADC0_C0_0_IRQHandler
 .text.__NVIC_ClearPendingIRQ
                0x080220b0       0x3c ./MotorLib/Interrupts/bldc_scalar_state_machine.o
 .text.XMC_SCU_SetCcuTriggerHigh
                0x080220ec       0x24 ./MotorLib/Interrupts/bldc_scalar_state_machine.o
 .text.XMC_POSIF_HSC_GetExpectedPattern
                0x08022110       0x22 ./MotorLib/Interrupts/bldc_scalar_state_machine.o
 .text.XMC_POSIF_HSC_SetHallPatterns
                0x08022132       0x22 ./MotorLib/Interrupts/bldc_scalar_state_machine.o
 .text.XMC_POSIF_HSC_UpdateHallPattern
                0x08022154       0x1a ./MotorLib/Interrupts/bldc_scalar_state_machine.o
 .text.XMC_POSIF_DisableEvent
                0x0802216e       0x2c ./MotorLib/Interrupts/bldc_scalar_state_machine.o
 .text.Motor0_BLDC_SCALAR_CCU8_PWM_Start
                0x0802219a       0x10 ./MotorLib/Interrupts/bldc_scalar_state_machine.o
 *fill*         0x080221aa        0x2 
 .text.Motor0_BLDC_SCALAR_SPEED_POS_HALL_ClearSpeedFilter
                0x080221ac       0x54 ./MotorLib/Interrupts/bldc_scalar_state_machine.o
 .text.Motor0_BLDC_SCALAR_SPEED_POS_HALL_SetHallPattern
                0x08022200       0x20 ./MotorLib/Interrupts/bldc_scalar_state_machine.o
 .text.Motor0_BLDC_SCALAR_SPEED_POS_HALL_UpdateHallPattern
                0x08022220       0x14 ./MotorLib/Interrupts/bldc_scalar_state_machine.o
 .text.Motor0_BLDC_SCALAR_SPEED_POS_HALL_GetExpectedPattern
                0x08022234       0x20 ./MotorLib/Interrupts/bldc_scalar_state_machine.o
 .text.Motor0_BLDC_SCALAR_SPEED_POS_HALL_DisableEvent
                0x08022254       0x20 ./MotorLib/Interrupts/bldc_scalar_state_machine.o
 .text.Motor0_BLDC_SCALAR_MSM_START_Func
                0x08022274       0x1e ./MotorLib/Interrupts/bldc_scalar_state_machine.o
 .text.Motor0_BLDC_SCALAR_MSM_START_Exit_Func
                0x08022292        0xc ./MotorLib/Interrupts/bldc_scalar_state_machine.o
 *fill*         0x0802229e        0x2 
 .text.Motor0_BLDC_SCALAR_MSM_NORMAL_OPERATION_Entry_Func
                0x080222a0       0x84 ./MotorLib/Interrupts/bldc_scalar_state_machine.o
 .text.Motor0_BLDC_SCALAR_MSM_NORMAL_OPERATION_Func
                0x08022324       0x78 ./MotorLib/Interrupts/bldc_scalar_state_machine.o
 .text.Motor0_BLDC_SCALAR_MSM_STATE_IDENTIFICATION_Entry_Func
                0x0802239c       0x80 ./MotorLib/Interrupts/bldc_scalar_state_machine.o
 .text.Motor0_BLDC_SCALAR_MSM_MOTOR_STATE_IDENTIFICATION_Func
                0x0802241c       0x16 ./MotorLib/Interrupts/bldc_scalar_state_machine.o
 *fill*         0x08022432        0x2 
 .text.Motor0_BLDC_SCALAR_MSM_STATE_IDENTIFICATION_Exit_Func
                0x08022434       0x98 ./MotorLib/Interrupts/bldc_scalar_state_machine.o
 .text.Motor0_BLDC_SCALAR_MSM_ERROR_Func
                0x080224cc       0x24 ./MotorLib/Interrupts/bldc_scalar_state_machine.o
 .text.XMC_POSIF_HSC_GetExpectedPattern
                0x080224f0       0x22 ./MotorLib/ControlModule/bldc_scalar_control_hall.o
 .text.XMC_POSIF_HSC_SetHallPatterns
                0x08022512       0x22 ./MotorLib/ControlModule/bldc_scalar_control_hall.o
 .text.XMC_POSIF_HSC_UpdateHallPattern
                0x08022534       0x1a ./MotorLib/ControlModule/bldc_scalar_control_hall.o
 .text.XMC_POSIF_MCM_SetMultiChannelPattern
                0x0802254e       0x1e ./MotorLib/ControlModule/bldc_scalar_control_hall.o
 .text.XMC_POSIF_MCM_GetMultiChannelPattern
                0x0802256c       0x1a ./MotorLib/ControlModule/bldc_scalar_control_hall.o
 .text.XMC_POSIF_MCM_GetShadowMultiChannelPattern
                0x08022586       0x1a ./MotorLib/ControlModule/bldc_scalar_control_hall.o
 .text.XMC_POSIF_MCM_UpdateMultiChannelPattern
                0x080225a0       0x20 ./MotorLib/ControlModule/bldc_scalar_control_hall.o
 .text.XMC_POSIF_DisableEvent
                0x080225c0       0x2c ./MotorLib/ControlModule/bldc_scalar_control_hall.o
 .text.Motor0_BLDC_SCALAR_SPEED_POS_HALL_SetMultiChannelPattern
                0x080225ec       0x20 ./MotorLib/ControlModule/bldc_scalar_control_hall.o
 .text.Motor0_BLDC_SCALAR_SPEED_POS_HALL_UpdateMultiChannelPattern
                0x0802260c       0x14 ./MotorLib/ControlModule/bldc_scalar_control_hall.o
 .text.Motor0_BLDC_SCALAR_SPEED_POS_HALL_GetMultiChannelPattern
                0x08022620       0x20 ./MotorLib/ControlModule/bldc_scalar_control_hall.o
 .text.Motor0_BLDC_SCALAR_SPEED_POS_HALL_GetShadowMultiChannelPattern
                0x08022640       0x20 ./MotorLib/ControlModule/bldc_scalar_control_hall.o
 .text.Motor0_BLDC_SCALAR_SPEED_POS_HALL_SetHallPattern
                0x08022660       0x20 ./MotorLib/ControlModule/bldc_scalar_control_hall.o
 .text.Motor0_BLDC_SCALAR_SPEED_POS_HALL_UpdateHallPattern
                0x08022680       0x14 ./MotorLib/ControlModule/bldc_scalar_control_hall.o
 .text.Motor0_BLDC_SCALAR_SPEED_POS_HALL_GetExpectedPattern
                0x08022694       0x20 ./MotorLib/ControlModule/bldc_scalar_control_hall.o
 .text.Motor0_BLDC_SCALAR_SPEED_POS_HALL_DisableEvent
                0x080226b4       0x20 ./MotorLib/ControlModule/bldc_scalar_control_hall.o
 .text.Motor0_BLDC_SCALAR_State_Identification
                0x080226d4       0x9c ./MotorLib/ControlModule/bldc_scalar_control_hall.o
                0x080226d4                Motor0_BLDC_SCALAR_State_Identification
 .text.Motor0_BLDC_SCALAR_MotorParamInit
                0x08022770       0xcc ./MotorLib/ControlModule/bldc_scalar_control_scheme.o
                0x08022770                Motor0_BLDC_SCALAR_MotorParamInit
 .text.Motor0_BLDC_SCALAR_MotorVarInit
                0x0802283c       0xd8 ./MotorLib/bldc_scalar_user_interface.o
 .text.Motor0_BLDC_SCALAR_MeasurementInit
                0x08022914       0x10 ./MotorLib/bldc_scalar_user_interface.o
 .text.Motor0_BLDC_SCALAR_Init
                0x08022924       0x38 ./MotorLib/bldc_scalar_user_interface.o
                0x08022924                Motor0_BLDC_SCALAR_Init
 .text.Motor0_BLDC_SCALAR_MotorStop
                0x0802295c       0x48 ./MotorLib/bldc_scalar_user_interface.o
                0x0802295c                Motor0_BLDC_SCALAR_MotorStop
 .text.MotorInit
                0x080229a4       0x5c ./MotorLib/motor.o
                0x080229a4                MotorInit
 .text.HallTimerProc
                0x08022a00      0x164 ./MotorLib/motor.o
                0x08022a00                HallTimerProc
 .text.MotorStepProc
                0x08022b64       0x14 ./MotorLib/motor.o
                0x08022b64                MotorStepProc
 .text.CAN0_3_IRQHandler
                0x08022b78      0x178 ./MainAlg/Protocols/j1939.o
                0x08022b78                CAN0_3_IRQHandler
 .text.CAN0_5_IRQHandler
                0x08022cf0       0x54 ./MainAlg/Protocols/j1939.o
                0x08022cf0                CAN0_5_IRQHandler
 .text.CAN0_6_IRQHandler
                0x08022d44       0x54 ./MainAlg/Protocols/j1939.o
                0x08022d44                CAN0_6_IRQHandler
 .text.CAN0_2_IRQHandler
                0x08022d98       0x44 ./MainAlg/Protocols/j1939.o
                0x08022d98                CAN0_2_IRQHandler
 .text.CAN0_4_IRQHandler
                0x08022ddc       0x44 ./MainAlg/Protocols/j1939.o
                0x08022ddc                CAN0_4_IRQHandler
 .text.XMC_GPIO_SetOutputHigh
                0x08022e20       0x22 ./MainAlg/Peripherials/Buzzer.o
 .text.XMC_GPIO_SetOutputLow
                0x08022e42       0x24 ./MainAlg/Peripherials/Buzzer.o
 .text.DIGITAL_IO_SetOutputHigh
                0x08022e66       0x20 ./MainAlg/Peripherials/Buzzer.o
 .text.DIGITAL_IO_SetOutputLow
                0x08022e86       0x20 ./MainAlg/Peripherials/Buzzer.o
 *fill*         0x08022ea6        0x2 
 .text.InitBuzzer
                0x08022ea8       0x3c ./MainAlg/Peripherials/Buzzer.o
                0x08022ea8                InitBuzzer
 .text.CCU43_2_IRQHandler
                0x08022ee4       0x20 ./MainAlg/Peripherials/Buzzer.o
                0x08022ee4                CCU43_2_IRQHandler
 .text.CCU43_0_IRQHandler
                0x08022f04       0x20 ./MainAlg/Peripherials/Buzzer.o
                0x08022f04                CCU43_0_IRQHandler
 .text.XMC_GPIO_SetOutputHigh
                0x08022f24       0x22 ./MainAlg/Peripherials/LedRubber.o
 .text.XMC_GPIO_SetOutputLow
                0x08022f46       0x24 ./MainAlg/Peripherials/LedRubber.o
 .text.DIGITAL_IO_SetOutputHigh
                0x08022f6a       0x20 ./MainAlg/Peripherials/LedRubber.o
 .text.DIGITAL_IO_SetOutputLow
                0x08022f8a       0x20 ./MainAlg/Peripherials/LedRubber.o
 *fill*         0x08022faa        0x2 
 .text.InitLedRubber
                0x08022fac       0x5c ./MainAlg/Peripherials/LedRubber.o
                0x08022fac                InitLedRubber
 .text.LedPwmTimerProc
                0x08023008      0x110 ./MainAlg/Peripherials/LedRubber.o
                0x08023008                LedPwmTimerProc
 .text.XMC_GPIO_SetOutputHigh
                0x08023118       0x22 ./MainAlg/door_periph.o
 .text.XMC_GPIO_SetOutputLow
                0x0802313a       0x24 ./MainAlg/door_periph.o
 .text.DIGITAL_IO_SetOutputHigh
                0x0802315e       0x20 ./MainAlg/door_periph.o
 .text.DIGITAL_IO_SetOutputLow
                0x0802317e       0x20 ./MainAlg/door_periph.o
 *fill*         0x0802319e        0x2 
 .text.DoorPeriphInit
                0x080231a0       0x58 ./MainAlg/door_periph.o
                0x080231a0                DoorPeriphInit
 .text.MainAlgInit
                0x080231f8       0x4c ./MainAlg/main_alg.o
                0x080231f8                MainAlgInit
 .text.MainProc
                0x08023244       0x14 ./MainAlg/main_alg.o
                0x08023244                MainProc
 .text.ReadAllPresets
                0x08023258       0x1a ./MainAlg/presets.o
                0x08023258                ReadAllPresets
 .text.SaveAllPresets
                0x08023272       0x20 ./MainAlg/presets.o
                0x08023272                SaveAllPresets
 *fill*         0x08023292        0x2 
 .text.XMC_FLASH_SetMargin
                0x08023294       0x34 ./MainAlg/retain_xmc4.o
 .text.XMC_FLASH_EnableDoubleBitErrorTrap
                0x080232c8       0x28 ./MainAlg/retain_xmc4.o
 .text.XMC_FLASH_DisableDoubleBitErrorTrap
                0x080232f0       0x28 ./MainAlg/retain_xmc4.o
 .text.XMC_FCE_InitializeSeedValue
                0x08023318       0x1e ./MainAlg/retain_xmc4.o
 *fill*         0x08023336        0x2 
 .text.E_EEPROM_XMC4_Init
                0x08023338       0xd4 ./MainAlg/retain_xmc4.o
                0x08023338                E_EEPROM_XMC4_Init
 .text.E_EEPROM_XMC4_WriteArray
                0x0802340c       0x64 ./MainAlg/retain_xmc4.o
                0x0802340c                E_EEPROM_XMC4_WriteArray
 .text.E_EEPROM_XMC4_ReadArray
                0x08023470       0x50 ./MainAlg/retain_xmc4.o
                0x08023470                E_EEPROM_XMC4_ReadArray
 .text.E_EEPROM_XMC4_UpdateFlashContents
                0x080234c0       0xa4 ./MainAlg/retain_xmc4.o
                0x080234c0                E_EEPROM_XMC4_UpdateFlashContents
 .text.E_EEPROM_XMC4_IsFlashEmpty
                0x08023564       0x28 ./MainAlg/retain_xmc4.o
                0x08023564                E_EEPROM_XMC4_IsFlashEmpty
 .text.E_EEPROM_XMC4_lWriteToFlash
                0x0802358c       0x7c ./MainAlg/retain_xmc4.o
 .text.E_EEPROM_XMC4_lInitReadSectorInfo
                0x08023608       0xb0 ./MainAlg/retain_xmc4.o
 .text.E_EEPROM_XMC4_lInitEraseStateMachine
                0x080236b8       0x80 ./MainAlg/retain_xmc4.o
 .text.E_EEPROM_XMC4_lCalculateCRC
                0x08023738       0x30 ./MainAlg/retain_xmc4.o
 .text.E_EEPROM_XMC4_lCopyFlashToRam
                0x08023768       0x50 ./MainAlg/retain_xmc4.o
 .text.XMC_FLASH_lEnterPageModeCommand
                0x080237b8       0x20 ./Libraries/XMCLib/src/xmc4_flash.o
                0x080237b8                XMC_FLASH_lEnterPageModeCommand
 .text.XMC_FLASH_lLoadPageCommand
                0x080237d8       0x34 ./Libraries/XMCLib/src/xmc4_flash.o
                0x080237d8                XMC_FLASH_lLoadPageCommand
 .text.XMC_FLASH_lWritePageCommand
                0x0802380c       0x44 ./Libraries/XMCLib/src/xmc4_flash.o
                0x0802380c                XMC_FLASH_lWritePageCommand
 .text.XMC_FLASH_lEraseSectorCommand
                0x08023850       0x58 ./Libraries/XMCLib/src/xmc4_flash.o
                0x08023850                XMC_FLASH_lEraseSectorCommand
 .text.XMC_FLASH_lClearStatusCommand
                0x080238a8       0x20 ./Libraries/XMCLib/src/xmc4_flash.o
                0x080238a8                XMC_FLASH_lClearStatusCommand
 .text.XMC_FLASH_ClearStatus
                0x080238c8        0xc ./Libraries/XMCLib/src/xmc4_flash.o
                0x080238c8                XMC_FLASH_ClearStatus
 .text.XMC_FLASH_GetStatus
                0x080238d4       0x1c ./Libraries/XMCLib/src/xmc4_flash.o
                0x080238d4                XMC_FLASH_GetStatus
 .text.XMC_FLASH_ProgramPage
                0x080238f0       0x68 ./Libraries/XMCLib/src/xmc4_flash.o
                0x080238f0                XMC_FLASH_ProgramPage
 .text.XMC_FLASH_EraseSector
                0x08023958       0x34 ./Libraries/XMCLib/src/xmc4_flash.o
                0x08023958                XMC_FLASH_EraseSector
 .text.XMC_GPIO_Init
                0x0802398c      0x14c ./Libraries/XMCLib/src/xmc4_gpio.o
                0x0802398c                XMC_GPIO_Init
 .text.XMC_SCU_CLOCK_GetCpuClockFrequency
                0x08023ad8       0x18 ./Libraries/XMCLib/src/xmc4_scu.o
 .text.XMC_SCU_lDelay
                0x08023af0       0x48 ./Libraries/XMCLib/src/xmc4_scu.o
 .text.XMC_SCU_INTERUPT_GetEventStatus
                0x08023b38       0x18 ./Libraries/XMCLib/src/xmc4_scu.o
                0x08023b38                XMC_SCU_INTERUPT_GetEventStatus
 .text.XMC_SCU_INTERRUPT_ClearEventStatus
                0x08023b50       0x20 ./Libraries/XMCLib/src/xmc4_scu.o
                0x08023b50                XMC_SCU_INTERRUPT_ClearEventStatus
 .text.XMC_SCU_SetBootMode
                0x08023b70       0x20 ./Libraries/XMCLib/src/xmc4_scu.o
                0x08023b70                XMC_SCU_SetBootMode
 .text.XMC_SCU_CLOCK_Init
                0x08023b90       0xde ./Libraries/XMCLib/src/xmc4_scu.o
                0x08023b90                XMC_SCU_CLOCK_Init
 *fill*         0x08023c6e        0x2 
 .text.XMC_SCU_RESET_DeassertPeripheralReset
                0x08023c70       0x3c ./Libraries/XMCLib/src/xmc4_scu.o
                0x08023c70                XMC_SCU_RESET_DeassertPeripheralReset
 .text.XMC_SCU_CLOCK_GetPeripheralClockFrequency
                0x08023cac       0x20 ./Libraries/XMCLib/src/xmc4_scu.o
                0x08023cac                XMC_SCU_CLOCK_GetPeripheralClockFrequency
 .text.XMC_SCU_CLOCK_SetSystemClockSource
                0x08023ccc       0x28 ./Libraries/XMCLib/src/xmc4_scu.o
                0x08023ccc                XMC_SCU_CLOCK_SetSystemClockSource
 .text.XMC_SCU_CLOCK_SetUsbClockSource
                0x08023cf4       0x28 ./Libraries/XMCLib/src/xmc4_scu.o
                0x08023cf4                XMC_SCU_CLOCK_SetUsbClockSource
 .text.XMC_SCU_CLOCK_SetWdtClockSource
                0x08023d1c       0x28 ./Libraries/XMCLib/src/xmc4_scu.o
                0x08023d1c                XMC_SCU_CLOCK_SetWdtClockSource
 .text.XMC_SCU_CLOCK_SetSystemPllClockSource
                0x08023d44       0x44 ./Libraries/XMCLib/src/xmc4_scu.o
                0x08023d44                XMC_SCU_CLOCK_SetSystemPllClockSource
 .text.XMC_SCU_HIB_SetRtcClockSource
                0x08023d88       0x40 ./Libraries/XMCLib/src/xmc4_scu.o
                0x08023d88                XMC_SCU_HIB_SetRtcClockSource
 .text.XMC_SCU_CLOCK_SetSystemClockDivider
                0x08023dc8       0x2c ./Libraries/XMCLib/src/xmc4_scu.o
                0x08023dc8                XMC_SCU_CLOCK_SetSystemClockDivider
 .text.XMC_SCU_CLOCK_SetCcuClockDivider
                0x08023df4       0x2c ./Libraries/XMCLib/src/xmc4_scu.o
                0x08023df4                XMC_SCU_CLOCK_SetCcuClockDivider
 .text.XMC_SCU_CLOCK_SetCpuClockDivider
                0x08023e20       0x2c ./Libraries/XMCLib/src/xmc4_scu.o
                0x08023e20                XMC_SCU_CLOCK_SetCpuClockDivider
 .text.XMC_SCU_CLOCK_SetPeripheralClockDivider
                0x08023e4c       0x2c ./Libraries/XMCLib/src/xmc4_scu.o
                0x08023e4c                XMC_SCU_CLOCK_SetPeripheralClockDivider
 .text.XMC_SCU_CLOCK_SetUsbClockDivider
                0x08023e78       0x2c ./Libraries/XMCLib/src/xmc4_scu.o
                0x08023e78                XMC_SCU_CLOCK_SetUsbClockDivider
 .text.XMC_SCU_CLOCK_SetEbuClockDivider
                0x08023ea4       0x2c ./Libraries/XMCLib/src/xmc4_scu.o
                0x08023ea4                XMC_SCU_CLOCK_SetEbuClockDivider
 .text.XMC_SCU_CLOCK_SetWdtClockDivider
                0x08023ed0       0x2c ./Libraries/XMCLib/src/xmc4_scu.o
                0x08023ed0                XMC_SCU_CLOCK_SetWdtClockDivider
 .text.XMC_SCU_CLOCK_EnableClock
                0x08023efc       0x20 ./Libraries/XMCLib/src/xmc4_scu.o
                0x08023efc                XMC_SCU_CLOCK_EnableClock
 .text.XMC_SCU_CLOCK_UngatePeripheralClock
                0x08023f1c       0x3c ./Libraries/XMCLib/src/xmc4_scu.o
                0x08023f1c                XMC_SCU_CLOCK_UngatePeripheralClock
 .text.XMC_SCU_CLOCK_EnableUsbPll
                0x08023f58       0x24 ./Libraries/XMCLib/src/xmc4_scu.o
                0x08023f58                XMC_SCU_CLOCK_EnableUsbPll
 .text.XMC_SCU_CLOCK_StartUsbPll
                0x08023f7c       0xb4 ./Libraries/XMCLib/src/xmc4_scu.o
                0x08023f7c                XMC_SCU_CLOCK_StartUsbPll
 .text.XMC_SCU_CLOCK_SetBackupClockCalibrationMode
                0x08024030       0x4c ./Libraries/XMCLib/src/xmc4_scu.o
                0x08024030                XMC_SCU_CLOCK_SetBackupClockCalibrationMode
 .text.XMC_SCU_HIB_EnableHibernateDomain
                0x0802407c       0x58 ./Libraries/XMCLib/src/xmc4_scu.o
                0x0802407c                XMC_SCU_HIB_EnableHibernateDomain
 .text.XMC_SCU_CLOCK_IsLowPowerOscillatorStable
                0x080240d4       0x24 ./Libraries/XMCLib/src/xmc4_scu.o
                0x080240d4                XMC_SCU_CLOCK_IsLowPowerOscillatorStable
 .text.XMC_SCU_CLOCK_EnableLowPowerOscillator
                0x080240f8       0x74 ./Libraries/XMCLib/src/xmc4_scu.o
                0x080240f8                XMC_SCU_CLOCK_EnableLowPowerOscillator
 .text.XMC_SCU_CLOCK_EnableHighPerformanceOscillator
                0x0802416c       0x50 ./Libraries/XMCLib/src/xmc4_scu.o
                0x0802416c                XMC_SCU_CLOCK_EnableHighPerformanceOscillator
 .text.XMC_SCU_CLOCK_IsHighPerformanceOscillatorStable
                0x080241bc       0x28 ./Libraries/XMCLib/src/xmc4_scu.o
                0x080241bc                XMC_SCU_CLOCK_IsHighPerformanceOscillatorStable
 .text.XMC_SCU_CLOCK_EnableSystemPll
                0x080241e4       0x24 ./Libraries/XMCLib/src/xmc4_scu.o
                0x080241e4                XMC_SCU_CLOCK_EnableSystemPll
 .text.XMC_SCU_CLOCK_DisableSystemPll
                0x08024208       0x24 ./Libraries/XMCLib/src/xmc4_scu.o
                0x08024208                XMC_SCU_CLOCK_DisableSystemPll
 .text.XMC_SCU_CLOCK_StartSystemPll
                0x0802422c      0x19c ./Libraries/XMCLib/src/xmc4_scu.o
                0x0802422c                XMC_SCU_CLOCK_StartSystemPll
 .text.XMC_SCU_CLOCK_StepSystemPllFrequency
                0x080243c8       0x3c ./Libraries/XMCLib/src/xmc4_scu.o
                0x080243c8                XMC_SCU_CLOCK_StepSystemPllFrequency
 .text.XMC_CAN_IsPanelControlReady
                0x08024404       0x28 ./Libraries/XMCLib/src/xmc_can.o
 .text.XMC_CAN_PanelControl
                0x0802442c       0x3e ./Libraries/XMCLib/src/xmc_can.o
 .text.XMC_CAN_NODE_EnableConfigurationChange
                0x0802446a       0x20 ./Libraries/XMCLib/src/xmc_can.o
 .text.XMC_CAN_NODE_DisableConfigurationChange
                0x0802448a       0x20 ./Libraries/XMCLib/src/xmc_can.o
 .text.max      0x080244aa       0x20 ./Libraries/XMCLib/src/xmc_can.o
 .text.min      0x080244ca       0x20 ./Libraries/XMCLib/src/xmc_can.o
 *fill*         0x080244ea        0x2 
 .text.XMC_CAN_NODE_NominalBitTimeConfigureEx
                0x080244ec      0x154 ./Libraries/XMCLib/src/xmc_can.o
                0x080244ec                XMC_CAN_NODE_NominalBitTimeConfigureEx
 .text.XMC_CAN_AllocateMOtoNodeList
                0x08024640       0x3c ./Libraries/XMCLib/src/xmc_can.o
                0x08024640                XMC_CAN_AllocateMOtoNodeList
 .text.XMC_CAN_Enable
                0x0802467c       0x3c ./Libraries/XMCLib/src/xmc_can.o
                0x0802467c                XMC_CAN_Enable
 .text.XMC_CAN_SetBaudrateClockSource
                0x080246b8       0x2c ./Libraries/XMCLib/src/xmc_can.o
                0x080246b8                XMC_CAN_SetBaudrateClockSource
 .text.XMC_CAN_GetBaudrateClockSource
                0x080246e4       0x22 ./Libraries/XMCLib/src/xmc_can.o
                0x080246e4                XMC_CAN_GetBaudrateClockSource
 .text.XMC_CAN_GetBaudrateClockFrequency
                0x08024706       0x38 ./Libraries/XMCLib/src/xmc_can.o
                0x08024706                XMC_CAN_GetBaudrateClockFrequency
 .text.XMC_CAN_InitEx
                0x0802473e       0x80 ./Libraries/XMCLib/src/xmc_can.o
                0x0802473e                XMC_CAN_InitEx
 *fill*         0x080247be        0x2 
 .text.XMC_CAN_MO_Config
                0x080247c0      0x138 ./Libraries/XMCLib/src/xmc_can.o
                0x080247c0                XMC_CAN_MO_Config
 .text.XMC_CAN_MO_UpdateData
                0x080248f8       0x70 ./Libraries/XMCLib/src/xmc_can.o
                0x080248f8                XMC_CAN_MO_UpdateData
 .text.XMC_CAN_MO_Receive
                0x08024968      0x192 ./Libraries/XMCLib/src/xmc_can.o
                0x08024968                XMC_CAN_MO_Receive
 .text.XMC_CAN_NODE_EnableEvent
                0x08024afa       0x38 ./Libraries/XMCLib/src/xmc_can.o
                0x08024afa                XMC_CAN_NODE_EnableEvent
 .text.XMC_CCU4_StartPrescaler
                0x08024b32       0x1c ./Libraries/XMCLib/src/xmc_ccu4.o
 *fill*         0x08024b4e        0x2 
 .text.XMC_CCU4_lDeassertReset
                0x08024b50       0x64 ./Libraries/XMCLib/src/xmc_ccu4.o
 .text.XMC_CCU4_lUngateClock
                0x08024bb4       0x64 ./Libraries/XMCLib/src/xmc_ccu4.o
 .text.XMC_CCU4_EnableModule
                0x08024c18       0x22 ./Libraries/XMCLib/src/xmc_ccu4.o
                0x08024c18                XMC_CCU4_EnableModule
 .text.XMC_CCU4_Init
                0x08024c3a       0x3e ./Libraries/XMCLib/src/xmc_ccu4.o
                0x08024c3a                XMC_CCU4_Init
 .text.XMC_CCU4_SetMultiChannelShadowTransferMode
                0x08024c78       0x38 ./Libraries/XMCLib/src/xmc_ccu4.o
                0x08024c78                XMC_CCU4_SetMultiChannelShadowTransferMode
 .text.XMC_CCU4_SLICE_CompareInit
                0x08024cb0       0x6e ./Libraries/XMCLib/src/xmc_ccu4.o
                0x08024cb0                XMC_CCU4_SLICE_CompareInit
 .text.XMC_CCU4_SLICE_CaptureInit
                0x08024d1e       0x4e ./Libraries/XMCLib/src/xmc_ccu4.o
                0x08024d1e                XMC_CCU4_SLICE_CaptureInit
 .text.XMC_CCU4_SLICE_StartConfig
                0x08024d6c       0x5c ./Libraries/XMCLib/src/xmc_ccu4.o
                0x08024d6c                XMC_CCU4_SLICE_StartConfig
 .text.XMC_CCU4_SLICE_StopConfig
                0x08024dc8       0x58 ./Libraries/XMCLib/src/xmc_ccu4.o
                0x08024dc8                XMC_CCU4_SLICE_StopConfig
 .text.XMC_CCU4_SLICE_LoadConfig
                0x08024e20       0x36 ./Libraries/XMCLib/src/xmc_ccu4.o
                0x08024e20                XMC_CCU4_SLICE_LoadConfig
 .text.XMC_CCU4_SLICE_ModulationConfig
                0x08024e56       0x80 ./Libraries/XMCLib/src/xmc_ccu4.o
                0x08024e56                XMC_CCU4_SLICE_ModulationConfig
 .text.XMC_CCU4_SLICE_CountConfig
                0x08024ed6       0x36 ./Libraries/XMCLib/src/xmc_ccu4.o
                0x08024ed6                XMC_CCU4_SLICE_CountConfig
 .text.XMC_CCU4_SLICE_GateConfig
                0x08024f0c       0x36 ./Libraries/XMCLib/src/xmc_ccu4.o
                0x08024f0c                XMC_CCU4_SLICE_GateConfig
 .text.XMC_CCU4_SLICE_Capture1Config
                0x08024f42       0x36 ./Libraries/XMCLib/src/xmc_ccu4.o
                0x08024f42                XMC_CCU4_SLICE_Capture1Config
 .text.XMC_CCU4_SLICE_DirectionConfig
                0x08024f78       0x36 ./Libraries/XMCLib/src/xmc_ccu4.o
                0x08024f78                XMC_CCU4_SLICE_DirectionConfig
 .text.XMC_CCU4_SLICE_StatusBitOverrideConfig
                0x08024fae       0x30 ./Libraries/XMCLib/src/xmc_ccu4.o
                0x08024fae                XMC_CCU4_SLICE_StatusBitOverrideConfig
 .text.XMC_CCU4_SLICE_TrapConfig
                0x08024fde       0x74 ./Libraries/XMCLib/src/xmc_ccu4.o
                0x08024fde                XMC_CCU4_SLICE_TrapConfig
 .text.XMC_CCU4_SLICE_ConfigureStatusBitOverrideEvent
                0x08025052       0xc4 ./Libraries/XMCLib/src/xmc_ccu4.o
                0x08025052                XMC_CCU4_SLICE_ConfigureStatusBitOverrideEvent
 .text.XMC_CCU4_SLICE_ConfigureEvent
                0x08025116       0xd4 ./Libraries/XMCLib/src/xmc_ccu4.o
                0x08025116                XMC_CCU4_SLICE_ConfigureEvent
 .text.XMC_CCU4_SLICE_GetCaptureRegisterValue
                0x080251ea       0x24 ./Libraries/XMCLib/src/xmc_ccu4.o
                0x080251ea                XMC_CCU4_SLICE_GetCaptureRegisterValue
 .text.XMC_CCU4_SLICE_SetPrescaler
                0x0802520e       0x3c ./Libraries/XMCLib/src/xmc_ccu4.o
                0x0802520e                XMC_CCU4_SLICE_SetPrescaler
 *fill*         0x0802524a        0x2 
 .text.XMC_CCU4_SLICE_SetInterruptNode
                0x0802524c       0xc8 ./Libraries/XMCLib/src/xmc_ccu4.o
                0x0802524c                XMC_CCU4_SLICE_SetInterruptNode
 .text.XMC_CCU8_StartPrescaler
                0x08025314       0x1c ./Libraries/XMCLib/src/xmc_ccu8.o
 .text.XMC_CCU8_SLICE_StopTimer
                0x08025330       0x1a ./Libraries/XMCLib/src/xmc_ccu8.o
 *fill*         0x0802534a        0x2 
 .text.XMC_CCU8_lDeassertReset
                0x0802534c       0x38 ./Libraries/XMCLib/src/xmc_ccu8.o
 .text.XMC_CCU8_lUngateClock
                0x08025384       0x38 ./Libraries/XMCLib/src/xmc_ccu8.o
 .text.XMC_CCU8_EnableModule
                0x080253bc       0x22 ./Libraries/XMCLib/src/xmc_ccu8.o
                0x080253bc                XMC_CCU8_EnableModule
 .text.XMC_CCU8_Init
                0x080253de       0x3e ./Libraries/XMCLib/src/xmc_ccu8.o
                0x080253de                XMC_CCU8_Init
 .text.XMC_CCU8_SLICE_CompareInit
                0x0802541c       0x74 ./Libraries/XMCLib/src/xmc_ccu8.o
                0x0802541c                XMC_CCU8_SLICE_CompareInit
 .text.XMC_CCU8_SLICE_StartConfig
                0x08025490       0x5c ./Libraries/XMCLib/src/xmc_ccu8.o
                0x08025490                XMC_CCU8_SLICE_StartConfig
 .text.XMC_CCU8_SLICE_StopConfig
                0x080254ec       0x58 ./Libraries/XMCLib/src/xmc_ccu8.o
                0x080254ec                XMC_CCU8_SLICE_StopConfig
 .text.XMC_CCU8_SLICE_ConfigureEvent
                0x08025544       0xd4 ./Libraries/XMCLib/src/xmc_ccu8.o
                0x08025544                XMC_CCU8_SLICE_ConfigureEvent
 .text.XMC_CCU8_SLICE_SetTimerPeriodMatch
                0x08025618       0x1e ./Libraries/XMCLib/src/xmc_ccu8.o
                0x08025618                XMC_CCU8_SLICE_SetTimerPeriodMatch
 .text.XMC_CCU8_SLICE_SetTimerCompareMatch
                0x08025636       0x30 ./Libraries/XMCLib/src/xmc_ccu8.o
                0x08025636                XMC_CCU8_SLICE_SetTimerCompareMatch
 *fill*         0x08025666        0x2 
 .text.XMC_CCU8_SLICE_SetInterruptNode
                0x08025668       0xd4 ./Libraries/XMCLib/src/xmc_ccu8.o
                0x08025668                XMC_CCU8_SLICE_SetInterruptNode
 .text.XMC_CCU8_SLICE_DeadTimeInit
                0x0802573c       0x2e ./Libraries/XMCLib/src/xmc_ccu8.o
                0x0802573c                XMC_CCU8_SLICE_DeadTimeInit
 .text.XMC_FCE_Init
                0x0802576a       0x2a ./Libraries/XMCLib/src/xmc_fce.o
                0x0802576a                XMC_FCE_Init
 .text.XMC_FCE_Enable
                0x08025794       0x28 ./Libraries/XMCLib/src/xmc_fce.o
                0x08025794                XMC_FCE_Enable
 .text.XMC_FCE_CalculateCRC32
                0x080257bc       0x5c ./Libraries/XMCLib/src/xmc_fce.o
                0x080257bc                XMC_FCE_CalculateCRC32
 .text.XMC_GPIO_SetHardwareControl
                0x08025818       0x46 ./Libraries/XMCLib/src/xmc_gpio.o
                0x08025818                XMC_GPIO_SetHardwareControl
 .text.XMC_POSIF_Stop
                0x0802585e       0x1a ./Libraries/XMCLib/src/xmc_posif.o
 .text.XMC_POSIF_Enable
                0x08025878       0x50 ./Libraries/XMCLib/src/xmc_posif.o
                0x08025878                XMC_POSIF_Enable
 .text.XMC_POSIF_Init
                0x080258c8       0x26 ./Libraries/XMCLib/src/xmc_posif.o
                0x080258c8                XMC_POSIF_Init
 .text.XMC_POSIF_HSC_Init
                0x080258ee       0x3e ./Libraries/XMCLib/src/xmc_posif.o
                0x080258ee                XMC_POSIF_HSC_Init
 .text.XMC_POSIF_MCM_Init
                0x0802592c       0x3e ./Libraries/XMCLib/src/xmc_posif.o
                0x0802592c                XMC_POSIF_MCM_Init
 .text.XMC_POSIF_SetInterruptNode
                0x0802596a       0x4a ./Libraries/XMCLib/src/xmc_posif.o
                0x0802596a                XMC_POSIF_SetInterruptNode
 .text.XMC_VADC_GROUP_ExternalMuxControlInit
                0x080259b4       0x7e ./Libraries/XMCLib/src/xmc_vadc.o
 .text.XMC_VADC_GROUP_BackgroundEnableArbitrationSlot
                0x08025a32       0x24 ./Libraries/XMCLib/src/xmc_vadc.o
 .text.XMC_VADC_GROUP_BackgroundDisableArbitrationSlot
                0x08025a56       0x24 ./Libraries/XMCLib/src/xmc_vadc.o
 .text.XMC_VADC_GROUP_QueueEnableArbitrationSlot
                0x08025a7a       0x24 ./Libraries/XMCLib/src/xmc_vadc.o
 .text.XMC_VADC_GROUP_QueueDisableArbitrationSlot
                0x08025a9e       0x24 ./Libraries/XMCLib/src/xmc_vadc.o
 .text.XMC_VADC_GLOBAL_EnableModule
                0x08025ac2       0x14 ./Libraries/XMCLib/src/xmc_vadc.o
                0x08025ac2                XMC_VADC_GLOBAL_EnableModule
 .text.XMC_VADC_GLOBAL_Init
                0x08025ad6       0x54 ./Libraries/XMCLib/src/xmc_vadc.o
                0x08025ad6                XMC_VADC_GLOBAL_Init
 *fill*         0x08025b2a        0x2 
 .text.XMC_VADC_GLOBAL_InputClassInit
                0x08025b2c       0x4c ./Libraries/XMCLib/src/xmc_vadc.o
                0x08025b2c                XMC_VADC_GLOBAL_InputClassInit
 .text.XMC_VADC_GLOBAL_StartupCalibration
                0x08025b78       0x68 ./Libraries/XMCLib/src/xmc_vadc.o
                0x08025b78                XMC_VADC_GLOBAL_StartupCalibration
 .text.XMC_VADC_GLOBAL_BackgroundSetReqSrcEventInterruptNode
                0x08025be0       0x4a ./Libraries/XMCLib/src/xmc_vadc.o
                0x08025be0                XMC_VADC_GLOBAL_BackgroundSetReqSrcEventInterruptNode
 .text.XMC_VADC_GROUP_Init
                0x08025c2a       0x68 ./Libraries/XMCLib/src/xmc_vadc.o
                0x08025c2a                XMC_VADC_GROUP_Init
 .text.XMC_VADC_GROUP_InputClassInit
                0x08025c92       0xba ./Libraries/XMCLib/src/xmc_vadc.o
                0x08025c92                XMC_VADC_GROUP_InputClassInit
 .text.XMC_VADC_GROUP_SetPowerMode
                0x08025d4c       0x38 ./Libraries/XMCLib/src/xmc_vadc.o
                0x08025d4c                XMC_VADC_GROUP_SetPowerMode
 .text.XMC_VADC_GROUP_SetBoundaries
                0x08025d84       0x52 ./Libraries/XMCLib/src/xmc_vadc.o
                0x08025d84                XMC_VADC_GROUP_SetBoundaries
 *fill*         0x08025dd6        0x2 
 .text.XMC_VADC_GLOBAL_BackgroundInit
                0x08025dd8      0x100 ./Libraries/XMCLib/src/xmc_vadc.o
                0x08025dd8                XMC_VADC_GLOBAL_BackgroundInit
 .text.XMC_VADC_GROUP_QueueInit
                0x08025ed8       0x9c ./Libraries/XMCLib/src/xmc_vadc.o
                0x08025ed8                XMC_VADC_GROUP_QueueInit
 .text.XMC_VADC_GROUP_ChannelInit
                0x08025f74       0xde ./Libraries/XMCLib/src/xmc_vadc.o
                0x08025f74                XMC_VADC_GROUP_ChannelInit
 .text.XMC_VADC_GROUP_ChannelSetEventInterruptNode
                0x08026052       0x4c ./Libraries/XMCLib/src/xmc_vadc.o
                0x08026052                XMC_VADC_GROUP_ChannelSetEventInterruptNode
 .text._init    0x0802609e        0xe ./Libraries/Newlib/syscalls.o
                0x0802609e                _init
 .text.__NVIC_GetPriorityGrouping
                0x080260ac       0x1c ./Dave/Generated/SYSTIMER/systimer.o
 .text.__NVIC_SetPriority
                0x080260c8       0x54 ./Dave/Generated/SYSTIMER/systimer.o
 .text.NVIC_EncodePriority
                0x0802611c       0x66 ./Dave/Generated/SYSTIMER/systimer.o
 *fill*         0x08026182        0x2 
 .text.SysTick_Config
                0x08026184       0x44 ./Dave/Generated/SYSTIMER/systimer.o
 .text.SYSTIMER_lInsertTimerList
                0x080261c8      0x1cc ./Dave/Generated/SYSTIMER/systimer.o
 .text.SYSTIMER_lRemoveTimerList
                0x08026394       0xc0 ./Dave/Generated/SYSTIMER/systimer.o
 .text.SYSTIMER_lTimerHandler
                0x08026454       0xd0 ./Dave/Generated/SYSTIMER/systimer.o
 .text.SysTick_Handler
                0x08026524       0x4c ./Dave/Generated/SYSTIMER/systimer.o
                0x08026524                SysTick_Handler
 .text.SYSTIMER_Init
                0x08026570       0x70 ./Dave/Generated/SYSTIMER/systimer.o
                0x08026570                SYSTIMER_Init
 .text.SYSTIMER_CreateTimer
                0x080265e0      0x13c ./Dave/Generated/SYSTIMER/systimer.o
                0x080265e0                SYSTIMER_CreateTimer
 .text.SYSTIMER_StartTimer
                0x0802671c       0x80 ./Dave/Generated/SYSTIMER/systimer.o
                0x0802671c                SYSTIMER_StartTimer
 .text.XMC_CCU4_EnableClock
                0x0802679c       0x22 ./Dave/Generated/PWM_CCU4/pwm_ccu4.o
 .text.XMC_CCU4_SLICE_EnableTrap
                0x080267be       0x20 ./Dave/Generated/PWM_CCU4/pwm_ccu4.o
 .text.XMC_CCU4_SLICE_StartTimer
                0x080267de       0x1a ./Dave/Generated/PWM_CCU4/pwm_ccu4.o
 .text.XMC_CCU4_SLICE_StopTimer
                0x080267f8       0x1a ./Dave/Generated/PWM_CCU4/pwm_ccu4.o
 .text.XMC_CCU4_SLICE_ClearTimer
                0x08026812       0x1a ./Dave/Generated/PWM_CCU4/pwm_ccu4.o
 .text.XMC_CCU4_SLICE_SetTimerPeriodMatch
                0x0802682c       0x1e ./Dave/Generated/PWM_CCU4/pwm_ccu4.o
 .text.XMC_CCU4_SLICE_SetTimerCompareMatch
                0x0802684a       0x1e ./Dave/Generated/PWM_CCU4/pwm_ccu4.o
 .text.XMC_CCU4_EnableShadowTransfer
                0x08026868       0x1c ./Dave/Generated/PWM_CCU4/pwm_ccu4.o
 .text.XMC_CCU4_SLICE_EnableEvent
                0x08026884       0x2e ./Dave/Generated/PWM_CCU4/pwm_ccu4.o
 .text.XMC_CCU4_SLICE_ClearEvent
                0x080268b2       0x24 ./Dave/Generated/PWM_CCU4/pwm_ccu4.o
 .text.PWM_CCU4_Init
                0x080268d6      0x13c ./Dave/Generated/PWM_CCU4/pwm_ccu4.o
                0x080268d6                PWM_CCU4_Init
 .text.PWM_CCU4_lInit_Interrupt
                0x08026a12      0x128 ./Dave/Generated/PWM_CCU4/pwm_ccu4.o
 .text.PWM_CCU4_lConfigure_Events
                0x08026b3a      0x1b2 ./Dave/Generated/PWM_CCU4/pwm_ccu4.o
 .text.PWM_CCU4_Start
                0x08026cec       0x56 ./Dave/Generated/PWM_CCU4/pwm_ccu4.o
                0x08026cec                PWM_CCU4_Start
 .text.PWM_CCU4_Stop
                0x08026d42       0x3c ./Dave/Generated/PWM_CCU4/pwm_ccu4.o
                0x08026d42                PWM_CCU4_Stop
 *fill*         0x08026d7e        0x2 
 .text.PWM_CCU4_SetFreqAndDutyCycle
                0x08026d80       0xc8 ./Dave/Generated/PWM_CCU4/pwm_ccu4.o
                0x08026d80                PWM_CCU4_SetFreqAndDutyCycle
 .text.PWM_CCU4_ClearEvent
                0x08026e48       0x22 ./Dave/Generated/PWM_CCU4/pwm_ccu4.o
                0x08026e48                PWM_CCU4_ClearEvent
 *fill*         0x08026e6a        0x2 
 .text.__NVIC_GetPriorityGrouping
                0x08026e6c       0x1c ./Dave/Generated/INTERRUPT/interrupt.o
 .text.__NVIC_EnableIRQ
                0x08026e88       0x3c ./Dave/Generated/INTERRUPT/interrupt.o
 .text.__NVIC_SetPriority
                0x08026ec4       0x54 ./Dave/Generated/INTERRUPT/interrupt.o
 .text.NVIC_EncodePriority
                0x08026f18       0x66 ./Dave/Generated/INTERRUPT/interrupt.o
 .text.INTERRUPT_Enable
                0x08026f7e       0x1c ./Dave/Generated/INTERRUPT/interrupt.o
 .text.INTERRUPT_Init
                0x08026f9a       0x44 ./Dave/Generated/INTERRUPT/interrupt.o
                0x08026f9a                INTERRUPT_Init
 .text.XMC_CCU4_StartPrescaler
                0x08026fde       0x1c ./Dave/Generated/GLOBAL_CCU4/global_ccu4.o
 .text.GLOBAL_CCU4_Init
                0x08026ffa       0x40 ./Dave/Generated/GLOBAL_CCU4/global_ccu4.o
                0x08026ffa                GLOBAL_CCU4_Init
 .text.GLOBAL_CAN_Init
                0x0802703a       0x40 ./Dave/Generated/GLOBAL_CAN/global_can.o
                0x0802703a                GLOBAL_CAN_Init
 .text.XMC_VADC_GLOBAL_DisablePostCalibration
                0x0802707a       0x2e ./Dave/Generated/GLOBAL_ADC/global_adc.o
 .text.GLOBAL_ADC_Init
                0x080270a8       0xae ./Dave/Generated/GLOBAL_ADC/global_adc.o
                0x080270a8                GLOBAL_ADC_Init
 .text.DIGITAL_IO_Init
                0x08027156       0x36 ./Dave/Generated/DIGITAL_IO/digital_io.o
                0x08027156                DIGITAL_IO_Init
 .text.__NVIC_SetPriorityGrouping
                0x0802718c       0x48 ./Dave/Generated/CPU_CTRL_XMC4/cpu_ctrl_xmc4_conf.o
 .text.SystemCoreSetup
                0x080271d4       0xa8 ./Dave/Generated/CPU_CTRL_XMC4/cpu_ctrl_xmc4_conf.o
                0x080271d4                SystemCoreSetup
 .text.CLOCK_XMC4_Init
                0x0802727c       0x20 ./Dave/Generated/CLOCK_XMC4/clock_xmc4.o
                0x0802727c                CLOCK_XMC4_Init
 .text.OSCHP_GetFrequency
                0x0802729c       0x14 ./Dave/Generated/CLOCK_XMC4/clock_xmc4.o
                0x0802729c                OSCHP_GetFrequency
 .text.SystemCoreClockSetup
                0x080272b0       0x58 ./Dave/Generated/CLOCK_XMC4/clock_xmc4_conf.o
                0x080272b0                SystemCoreClockSetup
 .text.XMC_CAN_NODE_SetEventNodePointer
                0x08027308       0x38 ./Dave/Generated/CAN_NODE/can_node.o
 .text.XMC_CAN_NODE_SetReceiveInput
                0x08027340       0x2c ./Dave/Generated/CAN_NODE/can_node.o
 .text.XMC_CAN_NODE_EnableLoopBack
                0x0802736c       0x20 ./Dave/Generated/CAN_NODE/can_node.o
 .text.XMC_CAN_NODE_EnableConfigurationChange
                0x0802738c       0x20 ./Dave/Generated/CAN_NODE/can_node.o
 .text.XMC_CAN_NODE_DisableConfigurationChange
                0x080273ac       0x20 ./Dave/Generated/CAN_NODE/can_node.o
 .text.XMC_CAN_NODE_SetInitBit
                0x080273cc       0x20 ./Dave/Generated/CAN_NODE/can_node.o
 .text.XMC_CAN_NODE_ResetInitBit
                0x080273ec       0x20 ./Dave/Generated/CAN_NODE/can_node.o
 .text.XMC_CAN_NODE_ReSetAnalyzerMode
                0x0802740c       0x20 ./Dave/Generated/CAN_NODE/can_node.o
 .text.XMC_CAN_MO_SetEventNodePointer
                0x0802742c       0x3c ./Dave/Generated/CAN_NODE/can_node.o
 .text.XMC_CAN_MO_EnableEvent
                0x08027468       0x26 ./Dave/Generated/CAN_NODE/can_node.o
 .text.CAN_NODE_MO_EnableTxEvent
                0x0802748e       0x1e ./Dave/Generated/CAN_NODE/can_node.o
 .text.CAN_NODE_MO_EnableRxEvent
                0x080274ac       0x1e ./Dave/Generated/CAN_NODE/can_node.o
 .text.CAN_NODE_SetNodeEvents
                0x080274ca       0x74 ./Dave/Generated/CAN_NODE/can_node.o
 .text.CAN_NODE_SetNodePointer
                0x0802753e       0x60 ./Dave/Generated/CAN_NODE/can_node.o
 .text.CAN_NODE_MO_Init
                0x0802759e       0x56 ./Dave/Generated/CAN_NODE/can_node.o
                0x0802759e                CAN_NODE_MO_Init
 .text.CAN_NODE_MO_Receive
                0x080275f4       0x24 ./Dave/Generated/CAN_NODE/can_node.o
                0x080275f4                CAN_NODE_MO_Receive
 .text.CAN_NODE_Init
                0x08027618      0x13a ./Dave/Generated/CAN_NODE/can_node.o
                0x08027618                CAN_NODE_Init
 .text.BUS_IO_Init
                0x08027752       0x5e ./Dave/Generated/BUS_IO/bus_io.o
                0x08027752                BUS_IO_Init
 .text.ANALOG_IO_Init
                0x080277b0       0x32 ./Dave/Generated/ANALOG_IO/analog_io.o
                0x080277b0                ANALOG_IO_Init
 *fill*         0x080277e2        0x2 
 .text.__NVIC_GetPriorityGrouping
                0x080277e4       0x1c ./Dave/Generated/ADC_MEASUREMENT/adc_measurement.o
 .text.__NVIC_EnableIRQ
                0x08027800       0x3c ./Dave/Generated/ADC_MEASUREMENT/adc_measurement.o
 .text.__NVIC_SetPriority
                0x0802783c       0x54 ./Dave/Generated/ADC_MEASUREMENT/adc_measurement.o
 .text.NVIC_EncodePriority
                0x08027890       0x66 ./Dave/Generated/ADC_MEASUREMENT/adc_measurement.o
 .text.XMC_VADC_GLOBAL_BackgroundTriggerConversion
                0x080278f6       0x24 ./Dave/Generated/ADC_MEASUREMENT/adc_measurement.o
 .text.XMC_VADC_GLOBAL_BackgroundAddChannelToSequence
                0x0802791a       0x38 ./Dave/Generated/ADC_MEASUREMENT/adc_measurement.o
 .text.XMC_VADC_GROUP_ResultInit
                0x08027952       0x26 ./Dave/Generated/ADC_MEASUREMENT/adc_measurement.o
 .text.XMC_VADC_GROUP_GetResult
                0x08027978       0x22 ./Dave/Generated/ADC_MEASUREMENT/adc_measurement.o
 .text.ADC_MEASUREMENT_Init
                0x0802799a      0x15a ./Dave/Generated/ADC_MEASUREMENT/adc_measurement.o
                0x0802799a                ADC_MEASUREMENT_Init
 .text.ADC_MEASUREMENT_GetResult
                0x08027af4       0x2e ./Dave/Generated/ADC_MEASUREMENT/adc_measurement.o
                0x08027af4                ADC_MEASUREMENT_GetResult
 *fill*         0x08027b22        0x2 
 .text.DAVE_Init
                0x08027b24      0x474 ./Dave/Generated/DAVE.o
                0x08027b24                DAVE_Init
 .text.XMC_GPIO_SetOutputHigh
                0x08027f98       0x22 ./main.o
 .text.XMC_GPIO_SetOutputLow
                0x08027fba       0x24 ./main.o
 .text.XMC_GPIO_ToggleOutput
                0x08027fde       0x24 ./main.o
 .text.DIGITAL_IO_SetOutputHigh
                0x08028002       0x20 ./main.o
 .text.DIGITAL_IO_SetOutputLow
                0x08028022       0x20 ./main.o
 .text.DIGITAL_IO_ToggleOutput
                0x08028042       0x20 ./main.o
 *fill*         0x08028062        0x2 
 .text.XMC_SCU_RESET_ClearDeviceResetReason
                0x08028064       0x18 ./main.o
 .text.CCU43_3_IRQHandler
                0x0802807c       0x28 ./main.o
                0x0802807c                CCU43_3_IRQHandler
 .text.CCU43_1_IRQHandler
                0x080280a4       0x28 ./main.o
                0x080280a4                CCU43_1_IRQHandler
 .text.MCU_ProgramReset
                0x080280cc       0x20 ./main.o
                0x080280cc                MCU_ProgramReset
 .text.VADC0_C0_2_IRQHandler
                0x080280ec       0x50 ./main.o
                0x080280ec                VADC0_C0_2_IRQHandler
 .text.CAN0_1_IRQHandler
                0x0802813c      0x128 ./main.o
                0x0802813c                CAN0_1_IRQHandler
 .text.main     0x08028264       0x98 ./main.o
                0x08028264                main
 .text.__libc_init_array
                0x080282fc       0x48 c:/program files (x86)/gnu arm embedded toolchain/10 2020-q4-major/bin/../lib/gcc/arm-none-eabi/10.2.1/../../../../arm-none-eabi/lib/thumb/v7e-m+fp/softfp\libg_nano.a(lib_a-init.o)
                0x080282fc                __libc_init_array
 .text.memcmp   0x08028344       0x20 c:/program files (x86)/gnu arm embedded toolchain/10 2020-q4-major/bin/../lib/gcc/arm-none-eabi/10.2.1/../../../../arm-none-eabi/lib/thumb/v7e-m+fp/softfp\libg_nano.a(lib_a-memcmp.o)
                0x08028344                memcmp
 .text.memcpy   0x08028364       0x1c c:/program files (x86)/gnu arm embedded toolchain/10 2020-q4-major/bin/../lib/gcc/arm-none-eabi/10.2.1/../../../../arm-none-eabi/lib/thumb/v7e-m+fp/softfp\libg_nano.a(lib_a-memcpy-stub.o)
                0x08028364                memcpy
 .text.memcpy.__stub
                0x08028380       0x20 linker stubs
 *(.init)
 *(.fini)
 *crtbegin.o(.ctors)
 *crtbegin?.o(.ctors)
 *(EXCLUDE_FILE(*crtend.o *crtend?.o) .ctors)
 *(SORT_BY_NAME(.ctors.*))
 *(.ctors)
 *crtbegin.o(.dtors)
 *crtbegin?.o(.dtors)
 *(EXCLUDE_FILE(*crtend.o *crtend?.o) .dtors)
 *(SORT_BY_NAME(.dtors.*))
 *(.dtors)
 *(.rodata .rodata.*)
 .rodata.Motor0_BLDC_SCALAR_CCU8ExtStartEventConf
                0x080283a0        0x4 ./MotorLib/MCUInit/ccu8.o
                0x080283a0                Motor0_BLDC_SCALAR_CCU8ExtStartEventConf
 .rodata.Motor0_BLDC_SCALAR_CCU8ExtStopEventConf
                0x080283a4        0x4 ./MotorLib/MCUInit/ccu8.o
                0x080283a4                Motor0_BLDC_SCALAR_CCU8ExtStopEventConf
 .rodata.Motor0_BLDC_SCALAR_CCU8CompareConf
                0x080283a8       0x10 ./MotorLib/MCUInit/ccu8.o
                0x080283a8                Motor0_BLDC_SCALAR_CCU8CompareConf
 .rodata.Motor0_BLDC_SCALAR_GPIO_PhU_High_Config
                0x080283b8        0xc ./MotorLib/MCUInit/gpio.o
                0x080283b8                Motor0_BLDC_SCALAR_GPIO_PhU_High_Config
 .rodata.Motor0_BLDC_SCALAR_GPIO_PhU_Low_Config
                0x080283c4        0xc ./MotorLib/MCUInit/gpio.o
                0x080283c4                Motor0_BLDC_SCALAR_GPIO_PhU_Low_Config
 .rodata.Motor0_BLDC_SCALAR_GPIO_PhV_High_Config
                0x080283d0        0xc ./MotorLib/MCUInit/gpio.o
                0x080283d0                Motor0_BLDC_SCALAR_GPIO_PhV_High_Config
 .rodata.Motor0_BLDC_SCALAR_GPIO_PhV_Low_Config
                0x080283dc        0xc ./MotorLib/MCUInit/gpio.o
                0x080283dc                Motor0_BLDC_SCALAR_GPIO_PhV_Low_Config
 .rodata.Motor0_BLDC_SCALAR_GPIO_PhW_High_Config
                0x080283e8        0xc ./MotorLib/MCUInit/gpio.o
                0x080283e8                Motor0_BLDC_SCALAR_GPIO_PhW_High_Config
 .rodata.Motor0_BLDC_SCALAR_GPIO_PhW_Low_Config
                0x080283f4        0xc ./MotorLib/MCUInit/gpio.o
                0x080283f4                Motor0_BLDC_SCALAR_GPIO_PhW_Low_Config
 .rodata.Motor0_BLDC_SCALAR_GPIO_Hall_Config
                0x08028400        0xc ./MotorLib/MCUInit/gpio.o
                0x08028400                Motor0_BLDC_SCALAR_GPIO_Hall_Config
 .rodata.Motor0_BLDC_SCALAR_GPIO_Inverter_Config
                0x0802840c        0xc ./MotorLib/MCUInit/gpio.o
                0x0802840c                Motor0_BLDC_SCALAR_GPIO_Inverter_Config
 .rodata.Motor0_BLDC_SCALAR_POSIF_HALL_Config
                0x08028418        0x4 ./MotorLib/MCUInit/posif.o
                0x08028418                Motor0_BLDC_SCALAR_POSIF_HALL_Config
 .rodata.Motor0_BLDC_SCALAR_POSIF_GLOBAL_Config
                0x0802841c        0x4 ./MotorLib/MCUInit/posif.o
                0x0802841c                Motor0_BLDC_SCALAR_POSIF_GLOBAL_Config
 .rodata.Motor0_BLDC_SCALAR_POSIF_MCM_Config
                0x08028420        0x4 ./MotorLib/MCUInit/posif.o
                0x08028420                Motor0_BLDC_SCALAR_POSIF_MCM_Config
 .rodata.Motor0_BLDC_SCALAR_VADC_GLOBAL_config
                0x08028424       0x18 ./MotorLib/MCUInit/vadc.o
                0x08028424                Motor0_BLDC_SCALAR_VADC_GLOBAL_config
 .rodata.Motor0_BLDC_SCALAR_VADC_GROUP_class0
                0x0802843c        0x4 ./MotorLib/MCUInit/vadc.o
                0x0802843c                Motor0_BLDC_SCALAR_VADC_GROUP_class0
 .rodata.Motor0_BLDC_SCALAR_VADC_QUEUE_3_cfg
                0x08028440        0xc ./MotorLib/MCUInit/vadc.o
                0x08028440                Motor0_BLDC_SCALAR_VADC_QUEUE_3_cfg
 .rodata.DefaultPresets
                0x0802844c       0x4c ./MainAlg/presets.o
                0x0802844c                DefaultPresets
 .rodata.e_eeprom_xmc4_fce
                0x08028498        0xc ./MainAlg/retain_xmc4.o
 .rodata.g_xmc_vadc_group_array
                0x080284a4       0x10 ./Libraries/XMCLib/src/xmc_vadc.o
 .rodata.BUZZ_PWM_timer_handle
                0x080284b4        0x8 ./Dave/Generated/PWM_CCU4/pwm_ccu4_conf.o
                0x080284b4                BUZZ_PWM_timer_handle
 .rodata.BUZZ_PWM_event0_config
                0x080284bc        0x4 ./Dave/Generated/PWM_CCU4/pwm_ccu4_conf.o
                0x080284bc                BUZZ_PWM_event0_config
 .rodata.BUZZ_PWM_event1_config
                0x080284c0        0x4 ./Dave/Generated/PWM_CCU4/pwm_ccu4_conf.o
                0x080284c0                BUZZ_PWM_event1_config
 .rodata.BUZZ_PWM_event2_config
                0x080284c4        0x4 ./Dave/Generated/PWM_CCU4/pwm_ccu4_conf.o
                0x080284c4                BUZZ_PWM_event2_config
 .rodata.BUZZ_PWM_config_handle
                0x080284c8       0x50 ./Dave/Generated/PWM_CCU4/pwm_ccu4_conf.o
                0x080284c8                BUZZ_PWM_config_handle
 .rodata.CLUTCH_PWM_timer_handle
                0x08028518        0x8 ./Dave/Generated/PWM_CCU4/pwm_ccu4_conf.o
                0x08028518                CLUTCH_PWM_timer_handle
 .rodata.CLUTCH_PWM_event0_config
                0x08028520        0x4 ./Dave/Generated/PWM_CCU4/pwm_ccu4_conf.o
                0x08028520                CLUTCH_PWM_event0_config
 .rodata.CLUTCH_PWM_event1_config
                0x08028524        0x4 ./Dave/Generated/PWM_CCU4/pwm_ccu4_conf.o
                0x08028524                CLUTCH_PWM_event1_config
 .rodata.CLUTCH_PWM_event2_config
                0x08028528        0x4 ./Dave/Generated/PWM_CCU4/pwm_ccu4_conf.o
                0x08028528                CLUTCH_PWM_event2_config
 .rodata.CLUTCH_PWM_config_handle
                0x0802852c       0x50 ./Dave/Generated/PWM_CCU4/pwm_ccu4_conf.o
                0x0802852c                CLUTCH_PWM_config_handle
 .rodata.CAN_INT_RESET_INT
                0x0802857c        0x4 ./Dave/Generated/INTERRUPT/interrupt_conf.o
                0x0802857c                CAN_INT_RESET_INT
 .rodata.BUZZ_INT_CMP
                0x08028580        0x4 ./Dave/Generated/INTERRUPT/interrupt_conf.o
                0x08028580                BUZZ_INT_CMP
 .rodata.BUZZ_INT_OVF
                0x08028584        0x4 ./Dave/Generated/INTERRUPT/interrupt_conf.o
                0x08028584                BUZZ_INT_OVF
 .rodata.CLUTCH_INT_CMP
                0x08028588        0x4 ./Dave/Generated/INTERRUPT/interrupt_conf.o
                0x08028588                CLUTCH_INT_CMP
 .rodata.CLUTCH_INT_OVF
                0x0802858c        0x4 ./Dave/Generated/INTERRUPT/interrupt_conf.o
                0x0802858c                CLUTCH_INT_OVF
 .rodata.CAN_EXT_DSC1_INT
                0x08028590        0x4 ./Dave/Generated/INTERRUPT/interrupt_conf.o
                0x08028590                CAN_EXT_DSC1_INT
 .rodata.CAN_EXT_DSC3_INT
                0x08028594        0x4 ./Dave/Generated/INTERRUPT/interrupt_conf.o
                0x08028594                CAN_EXT_DSC3_INT
 .rodata.CAN_EXT_DSC2_INT
                0x08028598        0x4 ./Dave/Generated/INTERRUPT/interrupt_conf.o
                0x08028598                CAN_EXT_DSC2_INT
 .rodata.CAN_NODE_ALLERT
                0x0802859c        0x4 ./Dave/Generated/INTERRUPT/interrupt_conf.o
                0x0802859c                CAN_NODE_ALLERT
 .rodata.CAN_EXT_TD
                0x080285a0        0x4 ./Dave/Generated/INTERRUPT/interrupt_conf.o
                0x080285a0                CAN_EXT_TD
 .rodata.CAN_EXT_CCVS
                0x080285a4        0x4 ./Dave/Generated/INTERRUPT/interrupt_conf.o
                0x080285a4                CAN_EXT_CCVS
 .rodata.group_init_handle0
                0x080285a8       0x14 ./Dave/Generated/GLOBAL_ADC/global_adc_conf.o
                0x080285a8                group_init_handle0
 .rodata.group_init_handle1
                0x080285bc       0x14 ./Dave/Generated/GLOBAL_ADC/global_adc_conf.o
                0x080285bc                group_init_handle1
 .rodata.group_init_handle2
                0x080285d0       0x14 ./Dave/Generated/GLOBAL_ADC/global_adc_conf.o
                0x080285d0                group_init_handle2
 .rodata.group_init_handle3
                0x080285e4       0x14 ./Dave/Generated/GLOBAL_ADC/global_adc_conf.o
                0x080285e4                group_init_handle3
 .rodata.global_config
                0x080285f8       0x18 ./Dave/Generated/GLOBAL_ADC/global_adc_conf.o
                0x080285f8                global_config
 .rodata.SERVICE_BUT
                0x08028610       0x14 ./Dave/Generated/DIGITAL_IO/digital_io_conf.o
                0x08028610                SERVICE_BUT
 .rodata.STATUS_LED_G
                0x08028624       0x14 ./Dave/Generated/DIGITAL_IO/digital_io_conf.o
                0x08028624                STATUS_LED_G
 .rodata.STATUS_LED_Y
                0x08028638       0x14 ./Dave/Generated/DIGITAL_IO/digital_io_conf.o
                0x08028638                STATUS_LED_Y
 .rodata.STATUS_LED_R
                0x0802864c       0x14 ./Dave/Generated/DIGITAL_IO/digital_io_conf.o
                0x0802864c                STATUS_LED_R
 .rodata.DI_NPN_EN
                0x08028660       0x14 ./Dave/Generated/DIGITAL_IO/digital_io_conf.o
                0x08028660                DI_NPN_EN
 .rodata.DI_PNP_EN
                0x08028674       0x14 ./Dave/Generated/DIGITAL_IO/digital_io_conf.o
                0x08028674                DI_PNP_EN
 .rodata.GROUP_IN_EN
                0x08028688       0x14 ./Dave/Generated/DIGITAL_IO/digital_io_conf.o
                0x08028688                GROUP_IN_EN
 .rodata.HS_SW_1
                0x0802869c       0x14 ./Dave/Generated/DIGITAL_IO/digital_io_conf.o
                0x0802869c                HS_SW_1
 .rodata.HS_SW_2
                0x080286b0       0x14 ./Dave/Generated/DIGITAL_IO/digital_io_conf.o
                0x080286b0                HS_SW_2
 .rodata.LS_SW_4
                0x080286c4       0x14 ./Dave/Generated/DIGITAL_IO/digital_io_conf.o
                0x080286c4                LS_SW_4
 .rodata.LS_SW_3
                0x080286d8       0x14 ./Dave/Generated/DIGITAL_IO/digital_io_conf.o
                0x080286d8                LS_SW_3
 .rodata.LS_SW_2
                0x080286ec       0x14 ./Dave/Generated/DIGITAL_IO/digital_io_conf.o
                0x080286ec                LS_SW_2
 .rodata.LS_SW_1
                0x08028700       0x14 ./Dave/Generated/DIGITAL_IO/digital_io_conf.o
                0x08028700                LS_SW_1
 .rodata.LED_SW_NRES
                0x08028714       0x14 ./Dave/Generated/DIGITAL_IO/digital_io_conf.o
                0x08028714                LED_SW_NRES
 .rodata.LED_SW_8
                0x08028728       0x14 ./Dave/Generated/DIGITAL_IO/digital_io_conf.o
                0x08028728                LED_SW_8
 .rodata.LED_SW_7
                0x0802873c       0x14 ./Dave/Generated/DIGITAL_IO/digital_io_conf.o
                0x0802873c                LED_SW_7
 .rodata.LED_SW_6
                0x08028750       0x14 ./Dave/Generated/DIGITAL_IO/digital_io_conf.o
                0x08028750                LED_SW_6
 .rodata.LED_SW_5
                0x08028764       0x14 ./Dave/Generated/DIGITAL_IO/digital_io_conf.o
                0x08028764                LED_SW_5
 .rodata.LED_SW_4
                0x08028778       0x14 ./Dave/Generated/DIGITAL_IO/digital_io_conf.o
                0x08028778                LED_SW_4
 .rodata.LED_SW_3
                0x0802878c       0x14 ./Dave/Generated/DIGITAL_IO/digital_io_conf.o
                0x0802878c                LED_SW_3
 .rodata.LED_SW_2
                0x080287a0       0x14 ./Dave/Generated/DIGITAL_IO/digital_io_conf.o
                0x080287a0                LED_SW_2
 .rodata.LED_SW_1
                0x080287b4       0x14 ./Dave/Generated/DIGITAL_IO/digital_io_conf.o
                0x080287b4                LED_SW_1
 .rodata.LED_POWER_EN2
                0x080287c8       0x14 ./Dave/Generated/DIGITAL_IO/digital_io_conf.o
                0x080287c8                LED_POWER_EN2
 .rodata.LED_POWER_EN1
                0x080287dc       0x14 ./Dave/Generated/DIGITAL_IO/digital_io_conf.o
                0x080287dc                LED_POWER_EN1
 .rodata.HS_SW_8
                0x080287f0       0x14 ./Dave/Generated/DIGITAL_IO/digital_io_conf.o
                0x080287f0                HS_SW_8
 .rodata.HS_SW_7
                0x08028804       0x14 ./Dave/Generated/DIGITAL_IO/digital_io_conf.o
                0x08028804                HS_SW_7
 .rodata.HS_SW_6
                0x08028818       0x14 ./Dave/Generated/DIGITAL_IO/digital_io_conf.o
                0x08028818                HS_SW_6
 .rodata.HS_SW_5
                0x0802882c       0x14 ./Dave/Generated/DIGITAL_IO/digital_io_conf.o
                0x0802882c                HS_SW_5
 .rodata.HS_SW_4
                0x08028840       0x14 ./Dave/Generated/DIGITAL_IO/digital_io_conf.o
                0x08028840                HS_SW_4
 .rodata.HS_SW_3
                0x08028854       0x14 ./Dave/Generated/DIGITAL_IO/digital_io_conf.o
                0x08028854                HS_SW_3
 .rodata.LS_SW_NRES
                0x08028868       0x14 ./Dave/Generated/DIGITAL_IO/digital_io_conf.o
                0x08028868                LS_SW_NRES
 .rodata.MOTOR_FAULT
                0x0802887c       0x14 ./Dave/Generated/DIGITAL_IO/digital_io_conf.o
                0x0802887c                MOTOR_FAULT
 .rodata.POWER_SWITCH
                0x08028890       0x14 ./Dave/Generated/DIGITAL_IO/digital_io_conf.o
                0x08028890                POWER_SWITCH
 .rodata.TRANS_OUT
                0x080288a4       0x14 ./Dave/Generated/DIGITAL_IO/digital_io_conf.o
                0x080288a4                TRANS_OUT
 .rodata        0x080288b8       0x14 ./Dave/Generated/CLOCK_XMC4/clock_xmc4_conf.o
 .rodata.CAN_INT_gpio_out
                0x080288cc        0x8 ./Dave/Generated/CAN_NODE/can_node_conf.o
 .rodata.CAN_INT_gpio_out_config
                0x080288d4        0xc ./Dave/Generated/CAN_NODE/can_node_conf.o
 .rodata.CAN_INT_gpio_in
                0x080288e0        0x8 ./Dave/Generated/CAN_NODE/can_node_conf.o
 .rodata.CAN_INT_gpio_in_config
                0x080288e8        0xc ./Dave/Generated/CAN_NODE/can_node_conf.o
 .rodata.CAN_INT_BitTimeConfig
                0x080288f4        0xc ./Dave/Generated/CAN_NODE/can_node_conf.o
 .rodata.CAN_INT_sr
                0x08028900        0x4 ./Dave/Generated/CAN_NODE/can_node_conf.o
 .rodata.CAN_INT_LMO_01_Config
                0x08028904        0xc ./Dave/Generated/CAN_NODE/can_node_conf.o
                0x08028904                CAN_INT_LMO_01_Config
 .rodata.CAN_INT_LMO_02_Config
                0x08028910        0xc ./Dave/Generated/CAN_NODE/can_node_conf.o
                0x08028910                CAN_INT_LMO_02_Config
 .rodata.CAN_INT_LMO_03_Config
                0x0802891c        0xc ./Dave/Generated/CAN_NODE/can_node_conf.o
                0x0802891c                CAN_INT_LMO_03_Config
 .rodata.CAN_INT_LMO_04_Config
                0x08028928        0xc ./Dave/Generated/CAN_NODE/can_node_conf.o
                0x08028928                CAN_INT_LMO_04_Config
 .rodata.CAN_INT_LMO_05_Config
                0x08028934        0xc ./Dave/Generated/CAN_NODE/can_node_conf.o
                0x08028934                CAN_INT_LMO_05_Config
 .rodata.CAN_INT_LMO_06_Config
                0x08028940        0xc ./Dave/Generated/CAN_NODE/can_node_conf.o
                0x08028940                CAN_INT_LMO_06_Config
 .rodata.CAN_INT_LMO_07_Config
                0x0802894c        0xc ./Dave/Generated/CAN_NODE/can_node_conf.o
                0x0802894c                CAN_INT_LMO_07_Config
 .rodata.CAN_INT_LMO_08_Config
                0x08028958        0xc ./Dave/Generated/CAN_NODE/can_node_conf.o
                0x08028958                CAN_INT_LMO_08_Config
 .rodata.CAN_INT
                0x08028964       0xa8 ./Dave/Generated/CAN_NODE/can_node_conf.o
                0x08028964                CAN_INT
 .rodata.CAN_EXT_gpio_out
                0x08028a0c        0x8 ./Dave/Generated/CAN_NODE/can_node_conf.o
 .rodata.CAN_EXT_gpio_out_config
                0x08028a14        0xc ./Dave/Generated/CAN_NODE/can_node_conf.o
 .rodata.CAN_EXT_gpio_in
                0x08028a20        0x8 ./Dave/Generated/CAN_NODE/can_node_conf.o
 .rodata.CAN_EXT_gpio_in_config
                0x08028a28        0xc ./Dave/Generated/CAN_NODE/can_node_conf.o
 .rodata.CAN_EXT_BitTimeConfig
                0x08028a34        0xc ./Dave/Generated/CAN_NODE/can_node_conf.o
 .rodata.CAN_EXT_sr
                0x08028a40        0x4 ./Dave/Generated/CAN_NODE/can_node_conf.o
 .rodata.CAN_EXT_LMO_01_Config
                0x08028a44        0xc ./Dave/Generated/CAN_NODE/can_node_conf.o
                0x08028a44                CAN_EXT_LMO_01_Config
 .rodata.CAN_EXT_LMO_02_Config
                0x08028a50        0xc ./Dave/Generated/CAN_NODE/can_node_conf.o
                0x08028a50                CAN_EXT_LMO_02_Config
 .rodata.CAN_EXT_LMO_03_Config
                0x08028a5c        0xc ./Dave/Generated/CAN_NODE/can_node_conf.o
                0x08028a5c                CAN_EXT_LMO_03_Config
 .rodata.CAN_EXT_LMO_04_Config
                0x08028a68        0xc ./Dave/Generated/CAN_NODE/can_node_conf.o
                0x08028a68                CAN_EXT_LMO_04_Config
 .rodata.CAN_EXT_LMO_05_Config
                0x08028a74        0xc ./Dave/Generated/CAN_NODE/can_node_conf.o
                0x08028a74                CAN_EXT_LMO_05_Config
 .rodata.CAN_EXT_LMO_06_Config
                0x08028a80        0xc ./Dave/Generated/CAN_NODE/can_node_conf.o
                0x08028a80                CAN_EXT_LMO_06_Config
 .rodata.CAN_EXT_LMO_07_Config
                0x08028a8c        0xc ./Dave/Generated/CAN_NODE/can_node_conf.o
                0x08028a8c                CAN_EXT_LMO_07_Config
 .rodata.CAN_EXT_LMO_08_Config