   1              	 .syntax unified
   2              	 .cpu cortex-m4
   3              	 .eabi_attribute 27,3
   4              	 .fpu fpv4-sp-d16
   5              	 .eabi_attribute 20,1
   6              	 .eabi_attribute 21,1
   7              	 .eabi_attribute 23,3
   8              	 .eabi_attribute 24,1
   9              	 .eabi_attribute 25,1
  10              	 .eabi_attribute 26,1
  11              	 .eabi_attribute 30,4
  12              	 .eabi_attribute 34,1
  13              	 .eabi_attribute 18,4
  14              	 .thumb
  15              	 .file "bldc_scalar_control_scheme.c"
  16              	 .section .text.Motor0_BLDC_SCALAR_MotorParamInit,"ax",%progbits
  17              	 .align 1
  18              	 .global Motor0_BLDC_SCALAR_MotorParamInit
  19              	 .thumb
  20              	 .thumb_func
  22              	Motor0_BLDC_SCALAR_MotorParamInit:
  23              	 
  24              	 
  25              	 
  26 0000 1449     	 ldr r1,.L8
  27 0002 154B     	 ldr r3,.L8+4
  28 0004 0022     	 movs r2,#0
  29 0006 CA61     	 str r2,[r1,#28]
  30 0008 1449     	 ldr r1,.L8+8
  31 000a C3F89420 	 str r2,[r3,#148]
  32 000e 0A61     	 str r2,[r1,#16]
  33 0010 1349     	 ldr r1,.L8+12
  34 0012 DA66     	 str r2,[r3,#108]
  35 0014 1A67     	 str r2,[r3,#112]
  36 0016 5A67     	 str r2,[r3,#116]
  37 0018 C3F88020 	 str r2,[r3,#128]
  38 001c C3F8AC20 	 str r2,[r3,#172]
  39 0020 0A68     	 ldr r2,[r1]
  40 0022 4968     	 ldr r1,[r1,#4]
  41 0024 002A     	 cmp r2,#0
  42 0026 03D1     	 bne .L2
  43 0028 0029     	 cmp r1,#0
  44 002a 02DB     	 blt .L3
  45              	.L5:
  46 002c 0121     	 movs r1,#1
  47 002e 02E0     	 b .L6
  48              	.L2:
  49 0030 FCDC     	 bgt .L5
  50              	.L3:
  51 0032 4FF0FF31 	 mov r1,#-1
  52              	.L6:
  53 0036 9967     	 str r1,[r3,#120]
  54 0038 996F     	 ldr r1,[r3,#120]
  55 003a D967     	 str r1,[r3,#124]
  56 003c 0949     	 ldr r1,.L8+16
  57 003e 0A60     	 str r2,[r1]
  58 0040 0949     	 ldr r1,.L8+20
  59 0042 0022     	 movs r2,#0
  60 0044 0120     	 movs r0,#1
  61 0046 4A60     	 str r2,[r1,#4]
  62 0048 0A60     	 str r2,[r1]
  63 004a 4875     	 strb r0,[r1,#21]
  64 004c 83F8C320 	 strb r2,[r3,#195]
  65 0050 7047     	 bx lr
  66              	.L9:
  67 0052 00BF     	 .align 2
  68              	.L8:
  69 0054 00000000 	 .word Motor0_BLDC_SCALAR_CurrentMeasurement
  70 0058 00000000 	 .word Motor0_BLDC_SCALAR
  71 005c 00000000 	 .word Motor0_BLDC_SCALAR_PT1_DirectCurrent
  72 0060 00000000 	 .word Motor0_BLDC_SCALAR_SpeedControl
  73 0064 00000000 	 .word Motor0_BLDC_SCALAR_Ramp
  74 0068 00000000 	 .word Motor0_BLDC_SCALAR_SpeedControl_PI
  76              	 .ident "GCC: (GNU Tools for ARM Embedded Processors) 4.9.3 20141119 (release) [ARM/embedded-4_9-branch revision 218278]"
DEFINED SYMBOLS
                            *ABS*:00000000 bldc_scalar_control_scheme.c
    {standard input}:17     .text.Motor0_BLDC_SCALAR_MotorParamInit:00000000 $t
    {standard input}:22     .text.Motor0_BLDC_SCALAR_MotorParamInit:00000000 Motor0_BLDC_SCALAR_MotorParamInit
    {standard input}:69     .text.Motor0_BLDC_SCALAR_MotorParamInit:00000054 $d

UNDEFINED SYMBOLS
Motor0_BLDC_SCALAR_CurrentMeasurement
Motor0_BLDC_SCALAR
Motor0_BLDC_SCALAR_PT1_DirectCurrent
Motor0_BLDC_SCALAR_SpeedControl
Motor0_BLDC_SCALAR_Ramp
Motor0_BLDC_SCALAR_SpeedControl_PI
