   1              	 .cpu cortex-m4
   2              	 .eabi_attribute 27,1
   3              	 .eabi_attribute 20,1
   4              	 .eabi_attribute 21,1
   5              	 .eabi_attribute 23,3
   6              	 .eabi_attribute 24,1
   7              	 .eabi_attribute 25,1
   8              	 .eabi_attribute 26,1
   9              	 .eabi_attribute 30,6
  10              	 .eabi_attribute 34,1
  11              	 .eabi_attribute 18,4
  12              	 .file "xmc4_gpio.c"
  13              	 .text
  14              	.Ltext0:
  15              	 .cfi_sections .debug_frame
  16              	 .section .text.XMC_GPIO_Init,"ax",%progbits
  17              	 .align 1
  18              	 .global XMC_GPIO_Init
  19              	 .arch armv7e-m
  20              	 .syntax unified
  21              	 .thumb
  22              	 .thumb_func
  23              	 .fpu fpv4-sp-d16
  25              	XMC_GPIO_Init:
  26              	.LFB143:
  27              	 .file 1 "../Libraries/XMCLib/src/xmc4_gpio.c"
   1:../Libraries/XMCLib/src/xmc4_gpio.c **** /**
   2:../Libraries/XMCLib/src/xmc4_gpio.c ****  * @file xmc4_gpio.c
   3:../Libraries/XMCLib/src/xmc4_gpio.c ****  * @date 2017-09-15
   4:../Libraries/XMCLib/src/xmc4_gpio.c ****  *
   5:../Libraries/XMCLib/src/xmc4_gpio.c ****  * @cond
   6:../Libraries/XMCLib/src/xmc4_gpio.c ****  *****************************************************************************
   7:../Libraries/XMCLib/src/xmc4_gpio.c ****  * XMClib v2.2.0 - XMC Peripheral Driver Library
   8:../Libraries/XMCLib/src/xmc4_gpio.c ****  *
   9:../Libraries/XMCLib/src/xmc4_gpio.c ****  * Copyright (c) 2015-2020, Infineon Technologies AG
  10:../Libraries/XMCLib/src/xmc4_gpio.c ****  * All rights reserved.
  11:../Libraries/XMCLib/src/xmc4_gpio.c ****  *
  12:../Libraries/XMCLib/src/xmc4_gpio.c ****  * Boost Software License - Version 1.0 - August 17th, 2003
  13:../Libraries/XMCLib/src/xmc4_gpio.c ****  *
  14:../Libraries/XMCLib/src/xmc4_gpio.c ****  * Permission is hereby granted, free of charge, to any person or organization
  15:../Libraries/XMCLib/src/xmc4_gpio.c ****  * obtaining a copy of the software and accompanying documentation covered by
  16:../Libraries/XMCLib/src/xmc4_gpio.c ****  * this license (the "Software") to use, reproduce, display, distribute,
  17:../Libraries/XMCLib/src/xmc4_gpio.c ****  * execute, and transmit the Software, and to prepare derivative works of the
  18:../Libraries/XMCLib/src/xmc4_gpio.c ****  * Software, and to permit third-parties to whom the Software is furnished to
  19:../Libraries/XMCLib/src/xmc4_gpio.c ****  * do so, all subject to the following:
  20:../Libraries/XMCLib/src/xmc4_gpio.c ****  *
  21:../Libraries/XMCLib/src/xmc4_gpio.c ****  * The copyright notices in the Software and this entire statement, including
  22:../Libraries/XMCLib/src/xmc4_gpio.c ****  * the above license grant, this restriction and the following disclaimer,
  23:../Libraries/XMCLib/src/xmc4_gpio.c ****  * must be included in all copies of the Software, in whole or in part, and
  24:../Libraries/XMCLib/src/xmc4_gpio.c ****  * all derivative works of the Software, unless such copies or derivative
  25:../Libraries/XMCLib/src/xmc4_gpio.c ****  * works are solely in the form of machine-executable object code generated by
  26:../Libraries/XMCLib/src/xmc4_gpio.c ****  * a source language processor.
  27:../Libraries/XMCLib/src/xmc4_gpio.c ****  *
  28:../Libraries/XMCLib/src/xmc4_gpio.c ****  * THE SOFTWARE IS PROVIDED "AS IS", WITHOUT WARRANTY OF ANY KIND, EXPRESS OR
  29:../Libraries/XMCLib/src/xmc4_gpio.c ****  * IMPLIED, INCLUDING BUT NOT LIMITED TO THE WARRANTIES OF MERCHANTABILITY,
  30:../Libraries/XMCLib/src/xmc4_gpio.c ****  * FITNESS FOR A PARTICULAR PURPOSE, TITLE AND NON-INFRINGEMENT. IN NO EVENT
  31:../Libraries/XMCLib/src/xmc4_gpio.c ****  * SHALL THE COPYRIGHT HOLDERS OR ANYONE DISTRIBUTING THE SOFTWARE BE LIABLE
  32:../Libraries/XMCLib/src/xmc4_gpio.c ****  * FOR ANY DAMAGES OR OTHER LIABILITY, WHETHER IN CONTRACT, TORT OR OTHERWISE,
  33:../Libraries/XMCLib/src/xmc4_gpio.c ****  * ARISING FROM, OUT OF OR IN CONNECTION WITH THE SOFTWARE OR THE USE OR OTHER
  34:../Libraries/XMCLib/src/xmc4_gpio.c ****  * DEALINGS IN THE SOFTWARE.
  35:../Libraries/XMCLib/src/xmc4_gpio.c ****  *
  36:../Libraries/XMCLib/src/xmc4_gpio.c ****  * To improve the quality of the software, users are encouraged to share
  37:../Libraries/XMCLib/src/xmc4_gpio.c ****  * modifications, enhancements or bug fixes with Infineon Technologies AG
  38:../Libraries/XMCLib/src/xmc4_gpio.c ****  * at XMCSupport@infineon.com.
  39:../Libraries/XMCLib/src/xmc4_gpio.c ****  *****************************************************************************
  40:../Libraries/XMCLib/src/xmc4_gpio.c ****  *
  41:../Libraries/XMCLib/src/xmc4_gpio.c ****  * Change History
  42:../Libraries/XMCLib/src/xmc4_gpio.c ****  * --------------
  43:../Libraries/XMCLib/src/xmc4_gpio.c ****  *
  44:../Libraries/XMCLib/src/xmc4_gpio.c ****  * 2015-02-20:
  45:../Libraries/XMCLib/src/xmc4_gpio.c ****  *     - Initial draft <br>
  46:../Libraries/XMCLib/src/xmc4_gpio.c ****  *
  47:../Libraries/XMCLib/src/xmc4_gpio.c ****  * 2015-06-20:
  48:../Libraries/XMCLib/src/xmc4_gpio.c ****  *     - Removed version macros and declaration of GetDriverVersion API
  49:../Libraries/XMCLib/src/xmc4_gpio.c ****  *
  50:../Libraries/XMCLib/src/xmc4_gpio.c ****  * 2017-09-15:
  51:../Libraries/XMCLib/src/xmc4_gpio.c ****  *     - Fix side effects on output level when programming a pin as input after the same pin in ano
  52:../Libraries/XMCLib/src/xmc4_gpio.c ****  *
  53:../Libraries/XMCLib/src/xmc4_gpio.c ****  * @endcond
  54:../Libraries/XMCLib/src/xmc4_gpio.c ****  *
  55:../Libraries/XMCLib/src/xmc4_gpio.c ****  */
  56:../Libraries/XMCLib/src/xmc4_gpio.c **** 
  57:../Libraries/XMCLib/src/xmc4_gpio.c **** #include "xmc_gpio.h"
  58:../Libraries/XMCLib/src/xmc4_gpio.c **** 
  59:../Libraries/XMCLib/src/xmc4_gpio.c **** #if UC_FAMILY == XMC4
  60:../Libraries/XMCLib/src/xmc4_gpio.c **** 
  61:../Libraries/XMCLib/src/xmc4_gpio.c **** /*******************************************************************************
  62:../Libraries/XMCLib/src/xmc4_gpio.c ****  * MACROS
  63:../Libraries/XMCLib/src/xmc4_gpio.c ****  *******************************************************************************/
  64:../Libraries/XMCLib/src/xmc4_gpio.c **** 
  65:../Libraries/XMCLib/src/xmc4_gpio.c **** #define PORT_PDR_Msk              PORT0_PDR0_PD0_Msk
  66:../Libraries/XMCLib/src/xmc4_gpio.c **** #define PORT_PDR_Size             (4U)
  67:../Libraries/XMCLib/src/xmc4_gpio.c **** #define PORT_HWSEL_Msk            PORT0_HWSEL_HW0_Msk
  68:../Libraries/XMCLib/src/xmc4_gpio.c **** #define XMC_GPIO_MODE_OE          XMC_GPIO_MODE_OUTPUT_PUSH_PULL
  69:../Libraries/XMCLib/src/xmc4_gpio.c **** 
  70:../Libraries/XMCLib/src/xmc4_gpio.c **** /*******************************************************************************
  71:../Libraries/XMCLib/src/xmc4_gpio.c ****  * API IMPLEMENTATION
  72:../Libraries/XMCLib/src/xmc4_gpio.c ****  *******************************************************************************/
  73:../Libraries/XMCLib/src/xmc4_gpio.c **** 
  74:../Libraries/XMCLib/src/xmc4_gpio.c **** void XMC_GPIO_Init(XMC_GPIO_PORT_t *const port, const uint8_t pin, const XMC_GPIO_CONFIG_t *const c
  75:../Libraries/XMCLib/src/xmc4_gpio.c **** {
  28              	 .loc 1 75 1
  29              	 .cfi_startproc
  30              	 
  31              	 
  32              	 
  33 0000 80B4     	 push {r7}
  34              	.LCFI0:
  35              	 .cfi_def_cfa_offset 4
  36              	 .cfi_offset 7,-4
  37 0002 85B0     	 sub sp,sp,#20
  38              	.LCFI1:
  39              	 .cfi_def_cfa_offset 24
  40 0004 00AF     	 add r7,sp,#0
  41              	.LCFI2:
  42              	 .cfi_def_cfa_register 7
  43 0006 F860     	 str r0,[r7,#12]
  44 0008 0B46     	 mov r3,r1
  45 000a 7A60     	 str r2,[r7,#4]
  46 000c FB72     	 strb r3,[r7,#11]
  76:../Libraries/XMCLib/src/xmc4_gpio.c ****   XMC_ASSERT("XMC_GPIO_Init: Invalid port", XMC_GPIO_CHECK_PORT(port));
  77:../Libraries/XMCLib/src/xmc4_gpio.c ****   XMC_ASSERT("XMC_GPIO_Init: Invalid mode", XMC_GPIO_IsModeValid(config->mode));
  78:../Libraries/XMCLib/src/xmc4_gpio.c **** 
  79:../Libraries/XMCLib/src/xmc4_gpio.c ****   /* Switch to input */
  80:../Libraries/XMCLib/src/xmc4_gpio.c ****   port->IOCR[pin >> 2U] &= (uint32_t)~(PORT_IOCR_PC_Msk << (PORT_IOCR_PC_Size * (pin & 0x3U)));
  47              	 .loc 1 80 18
  48 000e FB7A     	 ldrb r3,[r7,#11]
  49 0010 9B08     	 lsrs r3,r3,#2
  50 0012 DBB2     	 uxtb r3,r3
  51 0014 1A46     	 mov r2,r3
  52              	 .loc 1 80 25
  53 0016 FB68     	 ldr r3,[r7,#12]
  54 0018 0432     	 adds r2,r2,#4
  55 001a 53F82220 	 ldr r2,[r3,r2,lsl#2]
  56              	 .loc 1 80 86
  57 001e FB7A     	 ldrb r3,[r7,#11]
  58 0020 03F00303 	 and r3,r3,#3
  59              	 .loc 1 80 79
  60 0024 DB00     	 lsls r3,r3,#3
  61              	 .loc 1 80 57
  62 0026 F821     	 movs r1,#248
  63 0028 01FA03F3 	 lsl r3,r1,r3
  64              	 .loc 1 80 28
  65 002c DB43     	 mvns r3,r3
  66              	 .loc 1 80 18
  67 002e F97A     	 ldrb r1,[r7,#11]
  68 0030 8908     	 lsrs r1,r1,#2
  69 0032 C9B2     	 uxtb r1,r1
  70 0034 0846     	 mov r0,r1
  71              	 .loc 1 80 25
  72 0036 02EA0301 	 and r1,r2,r3
  73 003a FB68     	 ldr r3,[r7,#12]
  74 003c 021D     	 adds r2,r0,#4
  75 003e 43F82210 	 str r1,[r3,r2,lsl#2]
  81:../Libraries/XMCLib/src/xmc4_gpio.c **** 
  82:../Libraries/XMCLib/src/xmc4_gpio.c ****   /* HW port control is disabled */
  83:../Libraries/XMCLib/src/xmc4_gpio.c ****   port->HWSEL &= ~(uint32_t)((uint32_t)PORT_HWSEL_Msk << ((uint32_t)pin << 1U));
  76              	 .loc 1 83 15
  77 0042 FB68     	 ldr r3,[r7,#12]
  78 0044 5A6F     	 ldr r2,[r3,#116]
  79              	 .loc 1 83 59
  80 0046 FB7A     	 ldrb r3,[r7,#11]
  81              	 .loc 1 83 73
  82 0048 5B00     	 lsls r3,r3,#1
  83              	 .loc 1 83 19
  84 004a 0321     	 movs r1,#3
  85 004c 01FA03F3 	 lsl r3,r1,r3
  86              	 .loc 1 83 18
  87 0050 DB43     	 mvns r3,r3
  88              	 .loc 1 83 15
  89 0052 1A40     	 ands r2,r2,r3
  90 0054 FB68     	 ldr r3,[r7,#12]
  91 0056 5A67     	 str r2,[r3,#116]
  84:../Libraries/XMCLib/src/xmc4_gpio.c **** 
  85:../Libraries/XMCLib/src/xmc4_gpio.c **** 
  86:../Libraries/XMCLib/src/xmc4_gpio.c ****   /* Enable digital input */
  87:../Libraries/XMCLib/src/xmc4_gpio.c ****   if (XMC_GPIO_CHECK_ANALOG_PORT(port))
  92              	 .loc 1 87 6
  93 0058 FB68     	 ldr r3,[r7,#12]
  94 005a 3A4A     	 ldr r2,.L5
  95 005c 9342     	 cmp r3,r2
  96 005e 03D0     	 beq .L2
  97              	 .loc 1 87 7 discriminator 1
  98 0060 FB68     	 ldr r3,[r7,#12]
  99 0062 394A     	 ldr r2,.L5+4
 100 0064 9342     	 cmp r3,r2
 101 0066 0AD1     	 bne .L3
 102              	.L2:
  88:../Libraries/XMCLib/src/xmc4_gpio.c ****   {
  89:../Libraries/XMCLib/src/xmc4_gpio.c ****     port->PDISC &= ~(uint32_t)((uint32_t)0x1U << pin);
 103              	 .loc 1 89 17
 104 0068 FB68     	 ldr r3,[r7,#12]
 105 006a 1A6E     	 ldr r2,[r3,#96]
 106              	 .loc 1 89 21
 107 006c FB7A     	 ldrb r3,[r7,#11]
 108 006e 0121     	 movs r1,#1
 109 0070 01FA03F3 	 lsl r3,r1,r3
 110              	 .loc 1 89 20
 111 0074 DB43     	 mvns r3,r3
 112              	 .loc 1 89 17
 113 0076 1A40     	 ands r2,r2,r3
 114 0078 FB68     	 ldr r3,[r7,#12]
 115 007a 1A66     	 str r2,[r3,#96]
 116 007c 41E0     	 b .L4
 117              	.L3:
  90:../Libraries/XMCLib/src/xmc4_gpio.c ****   }
  91:../Libraries/XMCLib/src/xmc4_gpio.c ****   else
  92:../Libraries/XMCLib/src/xmc4_gpio.c ****   {
  93:../Libraries/XMCLib/src/xmc4_gpio.c ****     if ((config->mode & XMC_GPIO_MODE_OE) != 0)
 118              	 .loc 1 93 16
 119 007e 7B68     	 ldr r3,[r7,#4]
 120 0080 1B78     	 ldrb r3,[r3]
 121              	 .loc 1 93 43
 122 0082 5BB2     	 sxtb r3,r3
 123              	 .loc 1 93 8
 124 0084 002B     	 cmp r3,#0
 125 0086 3CDA     	 bge .L4
  94:../Libraries/XMCLib/src/xmc4_gpio.c ****     {
  95:../Libraries/XMCLib/src/xmc4_gpio.c ****       /* If output is enabled */
  96:../Libraries/XMCLib/src/xmc4_gpio.c **** 
  97:../Libraries/XMCLib/src/xmc4_gpio.c ****       /* Set output level */
  98:../Libraries/XMCLib/src/xmc4_gpio.c ****       port->OMR = (uint32_t)config->output_level << pin;
 126              	 .loc 1 98 35
 127 0088 7B68     	 ldr r3,[r7,#4]
 128 008a 5A68     	 ldr r2,[r3,#4]
 129              	 .loc 1 98 50
 130 008c FB7A     	 ldrb r3,[r7,#11]
 131 008e 9A40     	 lsls r2,r2,r3
 132              	 .loc 1 98 17
 133 0090 FB68     	 ldr r3,[r7,#12]
 134 0092 5A60     	 str r2,[r3,#4]
  99:../Libraries/XMCLib/src/xmc4_gpio.c **** 
 100:../Libraries/XMCLib/src/xmc4_gpio.c ****       /* Set output driver strength */
 101:../Libraries/XMCLib/src/xmc4_gpio.c ****       port->PDR[pin >> 3U] &= (uint32_t)~(PORT_PDR_Msk << ((uint32_t)PORT_PDR_Size * ((uint32_t)pin
 135              	 .loc 1 101 21
 136 0094 FB7A     	 ldrb r3,[r7,#11]
 137 0096 DB08     	 lsrs r3,r3,#3
 138 0098 DBB2     	 uxtb r3,r3
 139 009a 1A46     	 mov r2,r3
 140              	 .loc 1 101 28
 141 009c FB68     	 ldr r3,[r7,#12]
 142 009e 1032     	 adds r2,r2,#16
 143 00a0 53F82220 	 ldr r2,[r3,r2,lsl#2]
 144              	 .loc 1 101 101
 145 00a4 FB7A     	 ldrb r3,[r7,#11]
 146 00a6 03F00703 	 and r3,r3,#7
 147              	 .loc 1 101 84
 148 00aa 9B00     	 lsls r3,r3,#2
 149              	 .loc 1 101 56
 150 00ac 0721     	 movs r1,#7
 151 00ae 01FA03F3 	 lsl r3,r1,r3
 152              	 .loc 1 101 31
 153 00b2 DB43     	 mvns r3,r3
 154              	 .loc 1 101 21
 155 00b4 F97A     	 ldrb r1,[r7,#11]
 156 00b6 C908     	 lsrs r1,r1,#3
 157 00b8 C9B2     	 uxtb r1,r1
 158 00ba 0846     	 mov r0,r1
 159              	 .loc 1 101 28
 160 00bc 02EA0301 	 and r1,r2,r3
 161 00c0 FB68     	 ldr r3,[r7,#12]
 162 00c2 00F11002 	 add r2,r0,#16
 163 00c6 43F82210 	 str r1,[r3,r2,lsl#2]
 102:../Libraries/XMCLib/src/xmc4_gpio.c ****       port->PDR[pin >> 3U] |= (uint32_t)config->output_strength << ((uint32_t)PORT_PDR_Size * ((uin
 164              	 .loc 1 102 21
 165 00ca FB7A     	 ldrb r3,[r7,#11]
 166 00cc DB08     	 lsrs r3,r3,#3
 167 00ce DBB2     	 uxtb r3,r3
 168 00d0 1A46     	 mov r2,r3
 169              	 .loc 1 102 28
 170 00d2 FB68     	 ldr r3,[r7,#12]
 171 00d4 1032     	 adds r2,r2,#16
 172 00d6 53F82220 	 ldr r2,[r3,r2,lsl#2]
 173              	 .loc 1 102 47
 174 00da 7B68     	 ldr r3,[r7,#4]
 175 00dc 1B7A     	 ldrb r3,[r3,#8]
 176              	 .loc 1 102 31
 177 00de 1946     	 mov r1,r3
 178              	 .loc 1 102 110
 179 00e0 FB7A     	 ldrb r3,[r7,#11]
 180 00e2 03F00703 	 and r3,r3,#7
 181              	 .loc 1 102 93
 182 00e6 9B00     	 lsls r3,r3,#2
 183              	 .loc 1 102 65
 184 00e8 01FA03F3 	 lsl r3,r1,r3
 185              	 .loc 1 102 21
 186 00ec F97A     	 ldrb r1,[r7,#11]
 187 00ee C908     	 lsrs r1,r1,#3
 188 00f0 C9B2     	 uxtb r1,r1
 189 00f2 0846     	 mov r0,r1
 190              	 .loc 1 102 28
 191 00f4 42EA0301 	 orr r1,r2,r3
 192 00f8 FB68     	 ldr r3,[r7,#12]
 193 00fa 00F11002 	 add r2,r0,#16
 194 00fe 43F82210 	 str r1,[r3,r2,lsl#2]
 195              	.L4:
 103:../Libraries/XMCLib/src/xmc4_gpio.c ****     }
 104:../Libraries/XMCLib/src/xmc4_gpio.c ****   }
 105:../Libraries/XMCLib/src/xmc4_gpio.c **** 
 106:../Libraries/XMCLib/src/xmc4_gpio.c ****   /* Set mode */
 107:../Libraries/XMCLib/src/xmc4_gpio.c ****   port->IOCR[pin >> 2U] |= (uint32_t)config->mode << ((uint32_t)PORT_IOCR_PC_Size * ((uint32_t)pin 
 196              	 .loc 1 107 18
 197 0102 FB7A     	 ldrb r3,[r7,#11]
 198 0104 9B08     	 lsrs r3,r3,#2
 199 0106 DBB2     	 uxtb r3,r3
 200 0108 1A46     	 mov r2,r3
 201              	 .loc 1 107 25
 202 010a FB68     	 ldr r3,[r7,#12]
 203 010c 0432     	 adds r2,r2,#4
 204 010e 53F82220 	 ldr r2,[r3,r2,lsl#2]
 205              	 .loc 1 107 44
 206 0112 7B68     	 ldr r3,[r7,#4]
 207 0114 1B78     	 ldrb r3,[r3]
 208              	 .loc 1 107 28
 209 0116 1946     	 mov r1,r3
 210              	 .loc 1 107 100
 211 0118 FB7A     	 ldrb r3,[r7,#11]
 212 011a 03F00303 	 and r3,r3,#3
 213              	 .loc 1 107 83
 214 011e DB00     	 lsls r3,r3,#3
 215              	 .loc 1 107 51
 216 0120 01FA03F3 	 lsl r3,r1,r3
 217              	 .loc 1 107 18
 218 0124 F97A     	 ldrb r1,[r7,#11]
 219 0126 8908     	 lsrs r1,r1,#2
 220 0128 C9B2     	 uxtb r1,r1
 221 012a 0846     	 mov r0,r1
 222              	 .loc 1 107 25
 223 012c 42EA0301 	 orr r1,r2,r3
 224 0130 FB68     	 ldr r3,[r7,#12]
 225 0132 021D     	 adds r2,r0,#4
 226 0134 43F82210 	 str r1,[r3,r2,lsl#2]
 108:../Libraries/XMCLib/src/xmc4_gpio.c **** }
 227              	 .loc 1 108 1
 228 0138 00BF     	 nop
 229 013a 1437     	 adds r7,r7,#20
 230              	.LCFI3:
 231              	 .cfi_def_cfa_offset 4
 232 013c BD46     	 mov sp,r7
 233              	.LCFI4:
 234              	 .cfi_def_cfa_register 13
 235              	 
 236 013e 5DF8047B 	 ldr r7,[sp],#4
 237              	.LCFI5:
 238              	 .cfi_restore 7
 239              	 .cfi_def_cfa_offset 0
 240 0142 7047     	 bx lr
 241              	.L6:
 242              	 .align 2
 243              	.L5:
 244 0144 008E0248 	 .word 1208126976
 245 0148 008F0248 	 .word 1208127232
 246              	 .cfi_endproc
 247              	.LFE143:
 249              	 .section .text.XMC_GPIO_SetOutputStrength,"ax",%progbits
 250              	 .align 1
 251              	 .global XMC_GPIO_SetOutputStrength
 252              	 .syntax unified
 253              	 .thumb
 254              	 .thumb_func
 255              	 .fpu fpv4-sp-d16
 257              	XMC_GPIO_SetOutputStrength:
 258              	.LFB144:
 109:../Libraries/XMCLib/src/xmc4_gpio.c **** 
 110:../Libraries/XMCLib/src/xmc4_gpio.c **** void XMC_GPIO_SetOutputStrength(XMC_GPIO_PORT_t *const port, const uint8_t pin, XMC_GPIO_OUTPUT_STR
 111:../Libraries/XMCLib/src/xmc4_gpio.c **** {
 259              	 .loc 1 111 1
 260              	 .cfi_startproc
 261              	 
 262              	 
 263              	 
 264 0000 80B4     	 push {r7}
 265              	.LCFI6:
 266              	 .cfi_def_cfa_offset 4
 267              	 .cfi_offset 7,-4
 268 0002 83B0     	 sub sp,sp,#12
 269              	.LCFI7:
 270              	 .cfi_def_cfa_offset 16
 271 0004 00AF     	 add r7,sp,#0
 272              	.LCFI8:
 273              	 .cfi_def_cfa_register 7
 274 0006 7860     	 str r0,[r7,#4]
 275 0008 0B46     	 mov r3,r1
 276 000a FB70     	 strb r3,[r7,#3]
 277 000c 1346     	 mov r3,r2
 278 000e BB70     	 strb r3,[r7,#2]
 112:../Libraries/XMCLib/src/xmc4_gpio.c ****   XMC_ASSERT("XMC_GPIO_Init: Invalid port", XMC_GPIO_CHECK_OUTPUT_PORT(port));
 113:../Libraries/XMCLib/src/xmc4_gpio.c ****   XMC_ASSERT("XMC_GPIO_Init: Invalid output strength", XMC_GPIO_CHECK_OUTPUT_STRENGTH(strength));
 114:../Libraries/XMCLib/src/xmc4_gpio.c **** 
 115:../Libraries/XMCLib/src/xmc4_gpio.c ****   port->PDR[pin >> 3U] &= (uint32_t)~((uint32_t)PORT_PDR_Msk << ((uint32_t)PORT_PDR_Size * ((uint32
 279              	 .loc 1 115 17
 280 0010 FB78     	 ldrb r3,[r7,#3]
 281 0012 DB08     	 lsrs r3,r3,#3
 282 0014 DBB2     	 uxtb r3,r3
 283 0016 1A46     	 mov r2,r3
 284              	 .loc 1 115 24
 285 0018 7B68     	 ldr r3,[r7,#4]
 286 001a 1032     	 adds r2,r2,#16
 287 001c 53F82220 	 ldr r2,[r3,r2,lsl#2]
 288              	 .loc 1 115 107
 289 0020 FB78     	 ldrb r3,[r7,#3]
 290 0022 03F00703 	 and r3,r3,#7
 291              	 .loc 1 115 90
 292 0026 9B00     	 lsls r3,r3,#2
 293              	 .loc 1 115 62
 294 0028 0721     	 movs r1,#7
 295 002a 01FA03F3 	 lsl r3,r1,r3
 296              	 .loc 1 115 27
 297 002e DB43     	 mvns r3,r3
 298              	 .loc 1 115 17
 299 0030 F978     	 ldrb r1,[r7,#3]
 300 0032 C908     	 lsrs r1,r1,#3
 301 0034 C9B2     	 uxtb r1,r1
 302 0036 0846     	 mov r0,r1
 303              	 .loc 1 115 24
 304 0038 02EA0301 	 and r1,r2,r3
 305 003c 7B68     	 ldr r3,[r7,#4]
 306 003e 00F11002 	 add r2,r0,#16
 307 0042 43F82210 	 str r1,[r3,r2,lsl#2]
 116:../Libraries/XMCLib/src/xmc4_gpio.c ****   port->PDR[pin >> 3U] |= (uint32_t)strength << ((uint32_t)PORT_PDR_Size * ((uint32_t)pin & 0x7U));
 308              	 .loc 1 116 17
 309 0046 FB78     	 ldrb r3,[r7,#3]
 310 0048 DB08     	 lsrs r3,r3,#3
 311 004a DBB2     	 uxtb r3,r3
 312 004c 1A46     	 mov r2,r3
 313              	 .loc 1 116 24
 314 004e 7B68     	 ldr r3,[r7,#4]
 315 0050 1032     	 adds r2,r2,#16
 316 0052 53F82220 	 ldr r2,[r3,r2,lsl#2]
 317              	 .loc 1 116 27
 318 0056 B978     	 ldrb r1,[r7,#2]
 319              	 .loc 1 116 91
 320 0058 FB78     	 ldrb r3,[r7,#3]
 321 005a 03F00703 	 and r3,r3,#7
 322              	 .loc 1 116 74
 323 005e 9B00     	 lsls r3,r3,#2
 324              	 .loc 1 116 46
 325 0060 01FA03F3 	 lsl r3,r1,r3
 326              	 .loc 1 116 17
 327 0064 F978     	 ldrb r1,[r7,#3]
 328 0066 C908     	 lsrs r1,r1,#3
 329 0068 C9B2     	 uxtb r1,r1
 330 006a 0846     	 mov r0,r1
 331              	 .loc 1 116 24
 332 006c 42EA0301 	 orr r1,r2,r3
 333 0070 7B68     	 ldr r3,[r7,#4]
 334 0072 00F11002 	 add r2,r0,#16
 335 0076 43F82210 	 str r1,[r3,r2,lsl#2]
 117:../Libraries/XMCLib/src/xmc4_gpio.c **** }
 336              	 .loc 1 117 1
 337 007a 00BF     	 nop
 338 007c 0C37     	 adds r7,r7,#12
 339              	.LCFI9:
 340              	 .cfi_def_cfa_offset 4
 341 007e BD46     	 mov sp,r7
 342              	.LCFI10:
 343              	 .cfi_def_cfa_register 13
 344              	 
 345 0080 5DF8047B 	 ldr r7,[sp],#4
 346              	.LCFI11:
 347              	 .cfi_restore 7
 348              	 .cfi_def_cfa_offset 0
 349 0084 7047     	 bx lr
 350              	 .cfi_endproc
 351              	.LFE144:
 353              	 .text
 354              	.Letext0:
 355              	 .file 2 "c:\\program files (x86)\\gnu arm embedded toolchain\\10 2020-q4-major\\arm-none-eabi\\include\\machine\\_default_types.h"
 356              	 .file 3 "c:\\program files (x86)\\gnu arm embedded toolchain\\10 2020-q4-major\\arm-none-eabi\\include\\sys\\_stdint.h"
 357              	 .file 4 "C:/Workspaces/DAVE-4.4.2-64Bit/_PKDS_TSTS06_811_X47_V1_0/Libraries/XMCLib/inc/xmc_gpio.h"
 358              	 .file 5 "C:/Workspaces/DAVE-4.4.2-64Bit/_PKDS_TSTS06_811_X47_V1_0/Libraries/XMCLib/inc/xmc4_gpio.h"
DEFINED SYMBOLS
                            *ABS*:00000000 xmc4_gpio.c
    {standard input}:17     .text.XMC_GPIO_Init:00000000 $t
    {standard input}:25     .text.XMC_GPIO_Init:00000000 XMC_GPIO_Init
    {standard input}:244    .text.XMC_GPIO_Init:00000144 $d
    {standard input}:250    .text.XMC_GPIO_SetOutputStrength:00000000 $t
    {standard input}:257    .text.XMC_GPIO_SetOutputStrength:00000000 XMC_GPIO_SetOutputStrength

NO UNDEFINED SYMBOLS
